[ozmega-millions.com/index.html]
[backblue.gif]
[fade.gif]
[index.html]
[ozmega-millions.com/images/og/megamillions-fb.jpg]
[ozmega-millions.com/js/html5.js]
[ozmega-millions.com/favicon.ico]
[ozmega-millions.com/index-2.html]
[ozmega-millions.com/linkid.html]
[ozmega-millions.com/images/logo.png]
[ozmega-millions.com/numbers/index.html]
[ozmega-millions.com/prizes.html]
[ozmega-millions.com/check-winning.html]
[ozmega-millions.com/buy-tickets.html]
[ozmega-millions.com/winners.html]
[ozmega-millions.com/statistics.html]
[ozmega-millions.com/information.html]
[ozmega-millions.com/images/template/gambleaware-logo.png]
[ozmega-millions.com/disclaimer.html]
[ozmega-millions.com/privacy.html]
[ozmega-millions.com/cookie-policy.html]
[ozmega-millions.com/sitemap.html]
[ozmega-millions.com/index.html]
[ozmega-millions.com/images/template/body-bg.jpg]
[ozmega-millions.com/images/list-img.png]
[ozmega-millions.com/includes/futura_condensed_medium_0-webfont.eot]
[ozmega-millions.com/includes/futura_condensed_medium_0-webfontd41dd41d.eot]
[ozmega-millions.com/includes/futura_condensed_medium_0-webfont.ttf]
[ozmega-millions.com/images/template/gradient-sprite.png]
[ozmega-millions.com/images/gradient-sprite.png]
[ozmega-millions.com/images/icon-sprite.png]
[ozmega-millions.com/images/template/goldball.png]
[ozmega-millions.com/images/template/social-sprite.png]
[ozmega-millions.com/images/template/balls-sprite.png]
[ozmega-millions.com/images/template/balls-sprite-big.png]
[ozmega-millions.com/images/template/ticket-counter.png]
[ozmega-millions.com/images/template/play-square-btn.gif]
[ozmega-millions.com/images/template/play-square-btn-uk.gif]
[ozmega-millions.com/images/template/balls-sprite-small.png]
[ozmega-millions.com/includes/style3e4a3e4a.css]
[ozmega-millions.com/index-2.html]
[ozmega-millions.com/www.google-analytics.com/analytics.html]
[www.google-analytics.com/analytics.js]
[code.jquery.com/jquery-1.8.2.js]
[ozmega-millions.com/archive/2021.html]
[ozmega-millions.com/images/banners/mega-millions.gif]
[ozmega-millions.com/linkid.html]
[ozmega-millions.com/code.jquery.com/jquery-1.8.2.html]
[ozmega-millions.com/code.jquery.com/ui/1.9.1/jquery-ui.html]
[ozmega-millions.com/numbers/linkid.html]
[ozmega-millions.com/number-generator.html]
[ozmega-millions.com/images/template/clock.gif]
[ozmega-millions.com/numbers/index.html]
[ozmega-millions.com/news/what-is-the-mega-millions-megaplier-and-how-does-it-work.html]
[ozmega-millions.com/where-to-claim.html]
[ozmega-millions.com/prizes.html]
[ozmega-millions.com/check-winning.html]
[ozmega-millions.com/buy-tickets.html]
[ozmega-millions.com/numbers/2012-03-30.html]
[ozmega-millions.com/numbers/2013-12-17.html]
[ozmega-millions.com/numbers/2018-07-24.html]
[ozmega-millions.com/numbers/2016-07-08.html]
[ozmega-millions.com/numbers/2018-03-30.html]
[ozmega-millions.com/numbers/2018-01-05.html]
[ozmega-millions.com/numbers/2019-01-01.html]
[ozmega-millions.com/numbers/2014-03-18.html]
[ozmega-millions.com/numbers/2020-06-09.html]
[ozmega-millions.com/news/south-carolina-player-scoops-largest-mega-millions-jackpot-ever-1537-billion.html]
[ozmega-millions.com/news/largest-jackpot-in-us-history-won-by-three-ticket-holders.html]
[ozmega-millions.com/news/648-mega-millions-jackpot-shared-by-two-ticket-holders.html]
[ozmega-millions.com/news/mega-millions-522-million-jackpot-won-in-california-on-july-24.html]
[ozmega-millions.com/news/indiana-family-claim-536-million-mega-millions-jackpot.html]
[ozmega-millions.com/news/how-will-20-year-old-mega-millions-winner-spend-451-million.html]
[ozmega-millions.com/news/mega-millions-success-for-florida-and-maryland.html]
[ozmega-millions.com/news/arizona-player-wins-the-410-million-mega-millions-jackpot.html]
[ozmega-millions.com/news/illinois-resident-claims-393-million-mega-millions-jackpot.html]
[ozmega-millions.com/news/390-million-mega-millions-jackpot-winners-from-new-jersey-and-georgia.html]
[ozmega-millions.com/news/two-winning-mega-millions-tickets-share-380-million-jackpot.html]
[ozmega-millions.com/news/mega-millions-336-million-jackpot-won-in-california-and-new-york.html]
[ozmega-millions.com/news/mega-millions-jackpot-of-330-million-won-by-four-ticket-holders.html]
[ozmega-millions.com/news/retired-school-principal-becomes-new-yorks-biggest-jackpot-winner.html]
[ozmega-millions.com/winners.html]
[ozmega-millions.com/statistics.html]
[ozmega-millions.com/how-to-play.html]
[ozmega-millions.com/quick-pick-vs-self-pick.html]
[ozmega-millions.com/how-to-claim.html]
[ozmega-millions.com/what-to-do-when-you-win.html]
[ozmega-millions.com/scams.html]
[ozmega-millions.com/rules.html]
[ozmega-millions.com/taxes.html]
[ozmega-millions.com/cash-vs-annuity.html]
[ozmega-millions.com/changes-2017.html]
[ozmega-millions.com/faqs.html]
[ozmega-millions.com/information.html]
[ozmega-millions.com/disclaimer.html]
[ozmega-millions.com/privacy.html]
[ozmega-millions.com/cookie-policy.html]
[ozmega-millions.com/News.html]
[ozmega-millions.com/news-archive.html]
[ozmega-millions.com/competitions.html]
[ozmega-millions.com/sitemap.html]
[ozmega-millions.com/includes/style3e4a.html]
[ozmega-millions.com/linkid-2.html]
[ozmega-millions.com/numbers/index-2.html]
[code.jquery.com/ui/1.9.1/jquery-ui.js]
[ozmega-millions.com/images/facebook.png]
[ozmega-millions.com/archive/2021.html]
[ozmega-millions.com/images/404.html]
[ozmega-millions.com/play/megamillions-en.html]
[ozmega-millions.com/numbers/linkid.html]
[ozmega-millions.com/number-generator.html]
[ozmega-millions.com/numbers/disclaimer.html]
[ozmega-millions.com/numbers/privacy.html]
[ozmega-millions.com/numbers/cookie-policy.html]
[ozmega-millions.com/numbers/sitemap.html]
[ozmega-millions.com/images/news/news-ticket.jpg]
[ozmega-millions.com/news/linkid.html]
[ozmega-millions.com/images/news/large/07.jpg]
[ozmega-millions.com/news/michigan-resident-wins-5-million-mega-millions-prize-with-megaplier.html]
[ozmega-millions.com/news/orange-county-man-receives-early-christmas-present.html]
[ozmega-millions.com/news/new-york-couple-win-5-million-mega-millions-prize-with-megaplier.html]
[ozmega-millions.com/news/what-is-the-mega-millions-megaplier-and-how-does-it-work.html]
[ozmega-millions.com/where-to-claim.html]
[ozmega-millions.com/css/daarstyle.css]
[ozmega-millions.com/numbers/2012-03-27.html]
[ozmega-millions.com/numbers/2012-04-03.html]
[ozmega-millions.com/numbers/2012-03-30.html]
[ozmega-millions.com/numbers/2013-12-13.html]
[ozmega-millions.com/numbers/2013-12-20.html]
[ozmega-millions.com/numbers/2013-12-17.html]
[ozmega-millions.com/numbers/2018-07-20.html]
[ozmega-millions.com/numbers/2018-07-27.html]
[ozmega-millions.com/numbers/2018-07-24.html]
[ozmega-millions.com/numbers/2016-07-05.html]
[ozmega-millions.com/numbers/2016-07-12.html]
[ozmega-millions.com/numbers/2016-07-08.html]
[ozmega-millions.com/numbers/2018-03-27.html]
[ozmega-millions.com/numbers/2018-04-03.html]
[ozmega-millions.com/numbers/2018-03-30.html]
[ozmega-millions.com/numbers/2018-01-02.html]
[ozmega-millions.com/numbers/2018-01-09.html]
[ozmega-millions.com/numbers/2018-01-05.html]
[ozmega-millions.com/numbers/2018-12-28.html]
[ozmega-millions.com/numbers/2019-01-04.html]
[ozmega-millions.com/numbers/2019-01-01.html]
[ozmega-millions.com/numbers/2014-03-14.html]
[ozmega-millions.com/numbers/2014-03-21.html]
[ozmega-millions.com/numbers/2014-03-18.html]
[ozmega-millions.com/numbers/2020-06-05.html]
[ozmega-millions.com/numbers/2020-06-12.html]
[ozmega-millions.com/numbers/2020-06-09.html]
[ozmega-millions.com/images/news/large/01.jpg]
[ozmega-millions.com/numbers/2018-10-23.html]
[ozmega-millions.com/news/1-million-mega-millions-prize-won-in-michigan-the-jackpot-grows-to-336-million.html]
[ozmega-millions.com/news/new-york-player-celebrates-new-year-with-a-425-million-mega-millions-jackpot.html]
[ozmega-millions.com/news/south-carolina-player-scoops-largest-mega-millions-jackpot-ever-1537-billion.html]
[ozmega-millions.com/news/largest-jackpot-in-us-history-won-by-three-ticket-holders.html]
[ozmega-millions.com/images/news/large/02.jpg]
[ozmega-millions.com/news/648-mega-millions-jackpot-shared-by-two-ticket-holders.html]
[ozmega-millions.com/images/news/large/06.jpg]
[ozmega-millions.com/news/mega-millions-jackpot-soars-to-340-million-its-the-tenth-largest-jackpot-in-lottery-history.html]
[ozmega-millions.com/news/the-third-largest-mega-millions-jackpot-ever-was-won-by-a-pool-of-11-coworkers.html]
[ozmega-millions.com/news/mega-millions-522-million-jackpot-won-in-california-on-july-24.html]
[ozmega-millions.com/images/news/large/05.jpg]
[ozmega-millions.com/news/california-man-scoops-191-million-mega-millions-jackpot.html]
[ozmega-millions.com/news/indiana-family-claim-536-million-mega-millions-jackpot.html]
[ozmega-millions.com/news/florida-player-wins-450-million-mega-millions-jackpot.html]
[ozmega-millions.com/news/mega-millions-jackpot-increases-to-76-million-ahead-of-fridays-draw.html]
[ozmega-millions.com/news/how-will-20-year-old-mega-millions-winner-spend-451-million.html]
[ozmega-millions.com/images/news/large/03.jpg]
[ozmega-millions.com/news/mega-millions-success-for-florida-and-maryland.html]
[ozmega-millions.com/images/news/large/10.jpg]
[ozmega-millions.com/news/mega-millions-jackpot-boosts-to-336-million.html]
[ozmega-millions.com/news/a-couple-from-glendale-claimed-the-410-million-jackpot.html]
[ozmega-millions.com/news/arizona-player-wins-the-410-million-mega-millions-jackpot.html]
[ozmega-millions.com/images/news/large/04.jpg]
[ozmega-millions.com/news/mega-millions-393-million-jackpot-won-in-illinois.html]
[ozmega-millions.com/news/virginia-couple-claim-1-million-mega-millions-prize.html]
[ozmega-millions.com/news/illinois-resident-claims-393-million-mega-millions-jackpot.html]
[ozmega-millions.com/news/390-million-mega-millions-jackpot-winners-from-new-jersey-and-georgia.html]
[ozmega-millions.com/news/two-winning-mega-millions-tickets-share-380-million-jackpot.html]
[ozmega-millions.com/images/news/large/09.jpg]
[ozmega-millions.com/news/mega-millions-336-million-jackpot-won-in-california-and-new-york.html]
[ozmega-millions.com/images/news/large/08.jpg]
[ozmega-millions.com/news/mega-millions-jackpot-of-330-million-won-by-four-ticket-holders.html]
[ozmega-millions.com/news/retired-school-principal-becomes-new-yorks-biggest-jackpot-winner.html]
[ozmega-millions.com/how-to-play.html]
[ozmega-millions.com/quick-pick-vs-self-pick.html]
[ozmega-millions.com/how-to-claim.html]
[ozmega-millions.com/what-to-do-when-you-win.html]
[ozmega-millions.com/scams.html]
[ozmega-millions.com/rules.html]
[ozmega-millions.com/taxes.html]
[ozmega-millions.com/cash-vs-annuity.html]
[ozmega-millions.com/images/mega-millions-changes-2017.jpg]
[ozmega-millions.com/changes-2017.html]
[ozmega-millions.com/faqs.html]
[ozmega-millions.com/news/will-you-win-the-mega-millions-376-jackpot.html]
[ozmega-millions.com/images/news/medium/10.jpg]
[ozmega-millions.com/news/how-to-check-your-mega-millions-numbers-online.html]
[ozmega-millions.com/images/news/medium/09.jpg]
[ozmega-millions.com/news/mega-millions-winning-numbers-for-friday-4-december-2020.html]
[ozmega-millions.com/images/news/medium/08.jpg]
[ozmega-millions.com/news/120-million-mega-millions-jackpot-and-newest-lottery-results.html]
[ozmega-millions.com/images/news/small/07.jpg]
[ozmega-millions.com/news/mega-millions-latest-results-and-new-millionaire-winner.html]
[ozmega-millions.com/images/news/small/06.jpg]
[ozmega-millions.com/news/mega-millions-winners-stories-and-latest-mega-millions-results.html]
[ozmega-millions.com/images/news/small/05.jpg]
[ozmega-millions.com/news/the-mega-millions-jackpot-just-keeps-getting-bigger.html]
[ozmega-millions.com/images/news/small/04.jpg]
[ozmega-millions.com/news/the-first-ever-mega-millions-jackpot-victory-in-wisconsin.html]
[ozmega-millions.com/images/news/small/03.jpg]
[ozmega-millions.com/news/winning-mega-millions-streak-for-new-jersey.html]
[ozmega-millions.com/images/news/small/02.jpg]
[ozmega-millions.com/news/mega-millions-jackpot-climbs-to-83-million.html]
[ozmega-millions.com/news/mega-millions-jackpot-soars-to-266-million.html]
[ozmega-millions.com/news/mega-millions-jackpot-has-reached-200-million.html]
[ozmega-millions.com/news/changes-to-the-rules-of-the-mega-millions-jackpot.html]
[ozmega-millions.com/news/an-air-force-veteran-won-1-million-with-a-mega-millions-ticket.html]
[ozmega-millions.com/news/who-won-the-202-million-mega-millions-jackpot.html]
[ozmega-millions.com/news/202-million-mega-millions-jackpot-won-in-new-jersey.html]
[ozmega-millions.com/news/the-mega-millions-jackpot-is-now-155-million.html]
[ozmega-millions.com/news/mega-millions-jackpot-has-reached-130-million.html]
[ozmega-millions.com/news/mega-millions-winner-in-leander-claims-227-million-jackpot.html]
[ozmega-millions.com/news/mega-millions-finds-a-4-million-winner-in-florida.html]
[ozmega-millions.com/news/mega-millions-227-million-jackpot-won-in-texas.html]
[ozmega-millions.com/news/mega-millions-winner-sells-home-bought-with-jackpot.html]
[ozmega-millions.com/news/168-million-mega-millions-jackpot-won-in-new-hampshire.html]
[ozmega-millions.com/news/mega-millions-jackpot-soars-to-121-million.html]
[ozmega-millions.com/news/new-jersey-player-hit-the-267-millions-mega-millions-jackpot.html]
[ozmega-millions.com/news/fairfield-pool-of-31-coworkers-win-2-million-mega-millions-prize.html]
[ozmega-millions.com/news/tuesday-28-august-mega-millions-draw-oklahoma-has-a-new-millionaire.html]
[ozmega-millions.com/news/mega-millions-jackpot-at-212-million-its-the-largest-jackpot-in-the-world.html]
[ozmega-millions.com/news/illinois-player-wins-4-million-mega-millions-prize-thanks-to-megaplier.html]
[ozmega-millions.com/news/michigan-womans-mega-millions-dreams-pay-off-after-years.html]
[ozmega-millions.com/news/mega-millions-jackpot-climbs-to-168-million.html]
[ozmega-millions.com/news/mega-millions-jackpot-jumps-to-136-million.html]
[ozmega-millions.com/news/how-long-do-you-have-to-claim-mega-millions-prizes.html]
[ozmega-millions.com/news/mega-millions-jackpot-is-largest-since-2016-at-418-million.html]
[ozmega-millions.com/news/mega-millions-jackpot-pushes-past-300-million.html]
[ozmega-millions.com/news/nebraska-man-plans-on-buying-a-truck-with-1-million-prize.html]
[ozmega-millions.com/news/5-interesting-facts-about-mega-millions.html]
[ozmega-millions.com/news/mega-millions-jackpot-reaches-over-200-million.html]
[ozmega-millions.com/news/2-million-mega-millions-prize-won-in-texas.html]
[ozmega-millions.com/news/4-million-mega-millions-ticket-sold-in-new-jersey.html]
[ozmega-millions.com/news/1-million-mega-millions-prize-unclaimed-in-georgia.html]
[ozmega-millions.com/news/virginia-lottery-apologizes-for-mega-millions-ticket-error.html]
[ozmega-millions.com/news/new-york-man-plans-on-buying-a-plane-with-105-mega-millions-jackpot.html]
[ozmega-millions.com/news/michigan-couple-claim-share-of-mega-millions-jackpot.html]
[ozmega-millions.com/news/mega-millions-changes-happening-this-saturday.html]
[ozmega-millions.com/news/two-players-win-43-million-mega-millions-jackpot-on-friday-13.html]
[ozmega-millions.com/news/what-are-the-most-common-mega-millions-numbers.html]
[ozmega-millions.com/news/friends-split-1-million-mega-millions-prize.html]
[ozmega-millions.com/news/two-common-winning-numbers-help-new-york-player-hit-jackpot.html]
[ozmega-millions.com/news/north-jersey-store-sells-1-million-mega-millions-ticket.html]
[ozmega-millions.com/news/mega-millions-jackpot-hits-a-colossal-393-million.html]
[ozmega-millions.com/news/mega-millions-jackpot-rolls-to-382-million-for-fridays-draw.html]
[ozmega-millions.com/news/mega-millions-jackpot-climbs-to-323-million.html]
[ozmega-millions.com/news/mega-millions-jackpot-hits-262-million.html]
[ozmega-millions.com/news/mega-millions-ticket-sales-return-to-illinois.html]
[ozmega-millions.com/news/government-shutdown-stops-mega-millions-ticket-sales.html]
[ozmega-millions.com/news/mega-millions-ticket-sales-to-be-dropped-in-illinois.html]
[ozmega-millions.com/news/man-claims-61-million-mega-millions-jackpot-in-orange-county.html]
[ozmega-millions.com/news/mega-millions-ticket-worth-61-million-sold-in-orange-county.html]
[ozmega-millions.com/news/arkansas-wins-177-million-mega-millions-jackpot.html]
[ozmega-millions.com/News.html]
[ozmega-millions.com/news/2020-january.html]
[ozmega-millions.com/news/2020-february.html]
[ozmega-millions.com/news/2020-march.html]
[ozmega-millions.com/news/2020-april.html]
[ozmega-millions.com/news/2020-may.html]
[ozmega-millions.com/news/2020-july.html]
[ozmega-millions.com/news/2019-july.html]
[ozmega-millions.com/news/2019-august.html]
[ozmega-millions.com/news/2019-september.html]
[ozmega-millions.com/news/2018-june.html]
[ozmega-millions.com/news/2018-october.html]
[ozmega-millions.com/news/2017-february.html]
[ozmega-millions.com/news/2017-april.html]
[ozmega-millions.com/news/2017-may.html]
[ozmega-millions.com/news/2017-june.html]
[ozmega-millions.com/news/2017-july.html]
[ozmega-millions.com/news/2017-august.html]
[ozmega-millions.com/news/2017-september.html]
[ozmega-millions.com/news/2017-october.html]
[ozmega-millions.com/news/2017-november.html]
[ozmega-millions.com/news/2017-december.html]
[ozmega-millions.com/news/2016-july.html]
[ozmega-millions.com/news/2015-january.html]
[ozmega-millions.com/news/2014-january.html]
[ozmega-millions.com/news/2014-may.html]
[ozmega-millions.com/news/2012-april.html]
[ozmega-millions.com/news/2011-january.html]
[ozmega-millions.com/news/2009-september.html]
[ozmega-millions.com/news/2007-march.html]
[ozmega-millions.com/news/2007-december.html]
[ozmega-millions.com/news-archive.html]
[ozmega-millions.com/images/winners/austin-spring-ticket-giveaway.png]
[ozmega-millions.com/competitions.html]
[ozmega-millions.com/archive/linkid.html]
[ozmega-millions.com/numbers/linkid-2.html]
[ozmega-millions.com/news/index.html]
[ozmega-millions.com/mega2/check-winning.html]
[ozmega-millions.com/news/linkid.html]
[ozmega-millions.com/news/michigan-resident-wins-5-million-mega-millions-prize-with-megaplier.html]
[ozmega-millions.com/news/orange-county-man-receives-early-christmas-present.html]
[ozmega-millions.com/news/new-york-couple-win-5-million-mega-millions-prize-with-megaplier.html]
[ozmega-millions.com/images/My-Parcel-Delivery.html]
[ozmega-millions.com/images/payonerdelivery.html]
[ozmega-millions.com/images/worker2.html]
[ozmega-millions.com/images/daar-laptop.html]
[ozmega-millions.com/images/daar-deliver.html]
[ozmega-millions.com/images/glo-our-businesses.html]
[ozmega-millions.com/images/product-row-arrow.html]
[ozmega-millions.com/numbers/2012-03-23.html]
[ozmega-millions.com/numbers/2012-03-27.html]
[ozmega-millions.com/numbers/2012-04-06.html]
[ozmega-millions.com/numbers/2012-04-03.html]
[ozmega-millions.com/numbers/2013-12-10.html]
[ozmega-millions.com/numbers/2013-12-13.html]
[ozmega-millions.com/numbers/2013-12-24.html]
[ozmega-millions.com/numbers/2013-12-20.html]
[ozmega-millions.com/numbers/2018-07-17.html]
[ozmega-millions.com/numbers/2018-07-20.html]
[ozmega-millions.com/numbers/2018-07-31.html]
[ozmega-millions.com/numbers/2018-07-27.html]
[ozmega-millions.com/numbers/2016-07-01.html]
[ozmega-millions.com/numbers/2016-07-05.html]
[ozmega-millions.com/numbers/2016-07-15.html]
[ozmega-millions.com/numbers/2016-07-12.html]
[ozmega-millions.com/numbers/2018-03-23.html]
[ozmega-millions.com/numbers/2018-03-27.html]
[ozmega-millions.com/numbers/2018-04-06.html]
[ozmega-millions.com/numbers/2018-04-03.html]
[ozmega-millions.com/numbers/2017-12-29.html]
[ozmega-millions.com/numbers/2018-01-02.html]
[ozmega-millions.com/numbers/2018-01-12.html]
[ozmega-millions.com/numbers/2018-01-09.html]
[ozmega-millions.com/numbers/2018-12-25.html]
[ozmega-millions.com/numbers/2018-12-28.html]
[ozmega-millions.com/numbers/2019-01-08.html]
[ozmega-millions.com/numbers/2019-01-04.html]
[ozmega-millions.com/numbers/2014-03-11.html]
[ozmega-millions.com/numbers/2014-03-14.html]
[ozmega-millions.com/numbers/2014-03-25.html]
[ozmega-millions.com/numbers/2014-03-21.html]
[ozmega-millions.com/numbers/2020-06-02.html]
[ozmega-millions.com/numbers/2020-06-05.html]
[ozmega-millions.com/numbers/2020-06-16.html]
[ozmega-millions.com/numbers/2020-06-12.html]
[ozmega-millions.com/numbers/2018-10-19.html]
[ozmega-millions.com/numbers/2018-10-26.html]
[ozmega-millions.com/numbers/2018-10-23.html]
[ozmega-millions.com/numbers/2018-09-25.html]
[ozmega-millions.com/news/1-million-mega-millions-prize-won-in-michigan-the-jackpot-grows-to-336-million.html]
[ozmega-millions.com/news/new-york-player-celebrates-new-year-with-a-425-million-mega-millions-jackpot.html]
[ozmega-millions.com/numbers/2018-07-10.html]
[ozmega-millions.com/news/mega-millions-jackpot-soars-to-340-million-its-the-tenth-largest-jackpot-in-lottery-history.html]
[ozmega-millions.com/news/the-third-largest-mega-millions-jackpot-ever-was-won-by-a-pool-of-11-coworkers.html]
[ozmega-millions.com/news/california-man-scoops-191-million-mega-millions-jackpot.html]
[ozmega-millions.com/news/florida-player-wins-450-million-mega-millions-jackpot.html]
[ozmega-millions.com/numbers/2018-01-23.html]
[ozmega-millions.com/news/mega-millions-jackpot-increases-to-76-million-ahead-of-fridays-draw.html]
[ozmega-millions.com/numbers/2020-05-26.html]
[ozmega-millions.com/news/mega-millions-jackpot-boosts-to-336-million.html]
[ozmega-millions.com/news/a-couple-from-glendale-claimed-the-410-million-jackpot.html]
[ozmega-millions.com/news/mega-millions-393-million-jackpot-won-in-illinois.html]
[ozmega-millions.com/news/virginia-couple-claim-1-million-mega-millions-prize.html]
[ozmega-millions.com/numbers/2020-12-25.html]
[ozmega-millions.com/news/will-you-win-the-mega-millions-376-jackpot.html]
[ozmega-millions.com/numbers/2020-12-15.html]
[ozmega-millions.com/news/how-to-check-your-mega-millions-numbers-online.html]
[ozmega-millions.com/numbers/2020-12-04.html]
[ozmega-millions.com/news/mega-millions-winning-numbers-for-friday-4-december-2020.html]
[ozmega-millions.com/numbers/2020-11-17.html]
[ozmega-millions.com/news/120-million-mega-millions-jackpot-and-newest-lottery-results.html]
[ozmega-millions.com/numbers/2020-11-03.html]
[ozmega-millions.com/news/mega-millions-latest-results-and-new-millionaire-winner.html]
[ozmega-millions.com/numbers/2020-10-20.html]
[ozmega-millions.com/news/mega-millions-winners-stories-and-latest-mega-millions-results.html]
[ozmega-millions.com/numbers/2020-10-02.html]
[ozmega-millions.com/news/the-mega-millions-jackpot-just-keeps-getting-bigger.html]
[ozmega-millions.com/news/the-first-ever-mega-millions-jackpot-victory-in-wisconsin.html]
[ozmega-millions.com/numbers/2020-07-24.html]
[ozmega-millions.com/numbers/2020-07-28.html]
[ozmega-millions.com/news/winning-mega-millions-streak-for-new-jersey.html]
[ozmega-millions.com/numbers/2020-07-07.html]
[ozmega-millions.com/news/mega-millions-jackpot-climbs-to-83-million.html]
[ozmega-millions.com/numbers/2020-05-12.html]
[ozmega-millions.com/news/mega-millions-jackpot-soars-to-266-million.html]
[ozmega-millions.com/numbers/2020-04-28.html]
[ozmega-millions.com/news/mega-millions-jackpot-has-reached-200-million.html]
[ozmega-millions.com/news/changes-to-the-rules-of-the-mega-millions-jackpot.html]
[ozmega-millions.com/numbers/2020-02-21.html]
[ozmega-millions.com/numbers/2020-03-10.html]
[ozmega-millions.com/news/an-air-force-veteran-won-1-million-with-a-mega-millions-ticket.html]
[ozmega-millions.com/numbers/2020-02-25.html]
[ozmega-millions.com/news/who-won-the-202-million-mega-millions-jackpot.html]
[ozmega-millions.com/numbers/2020-02-11.html]
[ozmega-millions.com/news/202-million-mega-millions-jackpot-won-in-new-jersey.html]
[ozmega-millions.com/numbers/2020-01-28.html]
[ozmega-millions.com/numbers/2019-12-17.html]
[ozmega-millions.com/news/the-mega-millions-jackpot-is-now-155-million.html]
[ozmega-millions.com/numbers/2020-01-21.html]
[ozmega-millions.com/news/mega-millions-jackpot-has-reached-130-million.html]
[ozmega-millions.com/numbers/2019-10-29.html]
[ozmega-millions.com/news/mega-millions-winner-in-leander-claims-227-million-jackpot.html]
[ozmega-millions.com/numbers/2019-10-22.html]
[ozmega-millions.com/news/mega-millions-finds-a-4-million-winner-in-florida.html]
[ozmega-millions.com/numbers/2019-09-24.html]
[ozmega-millions.com/numbers/2019-06-07.html]
[ozmega-millions.com/news/mega-millions-227-million-jackpot-won-in-texas.html]
[ozmega-millions.com/numbers/2019-08-20.html]
[ozmega-millions.com/news/mega-millions-winner-sells-home-bought-with-jackpot.html]
[ozmega-millions.com/numbers/2019-07-23.html]
[ozmega-millions.com/news/168-million-mega-millions-jackpot-won-in-new-hampshire.html]
[ozmega-millions.com/numbers/2019-07-09.html]
[ozmega-millions.com/numbers/2019-07-05.html]
[ozmega-millions.com/news/mega-millions-jackpot-soars-to-121-million.html]
[ozmega-millions.com/numbers/2019-03-01.html]
[ozmega-millions.com/numbers/2019-03-05.html]
[ozmega-millions.com/news/new-jersey-player-hit-the-267-millions-mega-millions-jackpot.html]
[ozmega-millions.com/numbers/2018-09-11.html]
[ozmega-millions.com/news/fairfield-pool-of-31-coworkers-win-2-million-mega-millions-prize.html]
[ozmega-millions.com/numbers/2018-08-28.html]
[ozmega-millions.com/news/tuesday-28-august-mega-millions-draw-oklahoma-has-a-new-millionaire.html]
[ozmega-millions.com/numbers/2018-06-22.html]
[ozmega-millions.com/news/mega-millions-jackpot-at-212-million-its-the-largest-jackpot-in-the-world.html]
[ozmega-millions.com/news/illinois-player-wins-4-million-mega-millions-prize-thanks-to-megaplier.html]
[ozmega-millions.com/news/michigan-womans-mega-millions-dreams-pay-off-after-years.html]
[ozmega-millions.com/news/mega-millions-jackpot-climbs-to-168-million.html]
[ozmega-millions.com/news/mega-millions-jackpot-jumps-to-136-million.html]
[ozmega-millions.com/news/how-long-do-you-have-to-claim-mega-millions-prizes.html]
[ozmega-millions.com/news/mega-millions-jackpot-is-largest-since-2016-at-418-million.html]
[ozmega-millions.com/news/mega-millions-jackpot-pushes-past-300-million.html]
[ozmega-millions.com/news/nebraska-man-plans-on-buying-a-truck-with-1-million-prize.html]
[ozmega-millions.com/news/5-interesting-facts-about-mega-millions.html]
[ozmega-millions.com/news/mega-millions-jackpot-reaches-over-200-million.html]
[ozmega-millions.com/news/2-million-mega-millions-prize-won-in-texas.html]
[ozmega-millions.com/news/4-million-mega-millions-ticket-sold-in-new-jersey.html]
[ozmega-millions.com/news/1-million-mega-millions-prize-unclaimed-in-georgia.html]
[ozmega-millions.com/news/virginia-lottery-apologizes-for-mega-millions-ticket-error.html]
[ozmega-millions.com/news/new-york-man-plans-on-buying-a-plane-with-105-mega-millions-jackpot.html]
[ozmega-millions.com/news/michigan-couple-claim-share-of-mega-millions-jackpot.html]
[ozmega-millions.com/news/mega-millions-changes-happening-this-saturday.html]
[ozmega-millions.com/news/two-players-win-43-million-mega-millions-jackpot-on-friday-13.html]
[ozmega-millions.com/news/what-are-the-most-common-mega-millions-numbers.html]
[ozmega-millions.com/news/friends-split-1-million-mega-millions-prize.html]
[ozmega-millions.com/numbers/2017-09-22.html]
[ozmega-millions.com/news/two-common-winning-numbers-help-new-york-player-hit-jackpot.html]
[ozmega-millions.com/news/north-jersey-store-sells-1-million-mega-millions-ticket.html]
[ozmega-millions.com/news/mega-millions-jackpot-hits-a-colossal-393-million.html]
[ozmega-millions.com/news/mega-millions-jackpot-rolls-to-382-million-for-fridays-draw.html]
[ozmega-millions.com/news/mega-millions-jackpot-climbs-to-323-million.html]
[ozmega-millions.com/news/mega-millions-jackpot-hits-262-million.html]
[ozmega-millions.com/news/mega-millions-ticket-sales-return-to-illinois.html]
[ozmega-millions.com/news/government-shutdown-stops-mega-millions-ticket-sales.html]
[ozmega-millions.com/news/mega-millions-ticket-sales-to-be-dropped-in-illinois.html]
[ozmega-millions.com/news/man-claims-61-million-mega-millions-jackpot-in-orange-county.html]
[ozmega-millions.com/news/mega-millions-ticket-worth-61-million-sold-in-orange-county.html]
[ozmega-millions.com/news/arkansas-wins-177-million-mega-millions-jackpot.html]
[ozmega-millions.com/news/2020-january.html]
[ozmega-millions.com/news/2020-february.html]
[ozmega-millions.com/news/2020-march.html]
[ozmega-millions.com/news/beware-of-new-mega-millions-scams.html]
[ozmega-millions.com/news/2020-april.html]
[ozmega-millions.com/news/2020-may.html]
[ozmega-millions.com/news/2020-july.html]
[ozmega-millions.com/news/2020-june]
[ozmega-millions.com/news/2019-july.html]
[ozmega-millions.com/news/2019-august.html]
[ozmega-millions.com/news/2019-september.html]
[ozmega-millions.com/news/2020-november]
[ozmega-millions.com/news/2018-june.html]
[ozmega-millions.com/news/2018-october.html]
[ozmega-millions.com/news/2017-february.html]
[ozmega-millions.com/news/2017-april.html]
[ozmega-millions.com/news/2017-may.html]
[ozmega-millions.com/news/2017-june.html]
[ozmega-millions.com/news/2017-july.html]
[ozmega-millions.com/news/2017-august.html]
[ozmega-millions.com/news/2017-september.html]
[ozmega-millions.com/news/2017-october.html]
[ozmega-millions.com/news/2017-november.html]
[ozmega-millions.com/news/2017-december.html]
[ozmega-millions.com/news/2016-july.html]
[ozmega-millions.com/news/2015-january.html]
[ozmega-millions.com/news/2014-january.html]
[ozmega-millions.com/news/2014-may.html]
[ozmega-millions.com/news/2012-april.html]
[ozmega-millions.com/news/2011-january.html]
[ozmega-millions.com/news/2009-september.html]
[ozmega-millions.com/news/2007-march.html]
[ozmega-millions.com/news/2007-december.html]
[ozmega-millions.com/news/linkid-2.html]
[ozmega-millions.com/news/2019-october]
[ozmega-millions.com/numbers/2012-03-20.html]
[ozmega-millions.com/numbers/2012-03-23.html]
[ozmega-millions.com/numbers/2012-04-10.html]
[ozmega-millions.com/numbers/2012-04-06.html]
[ozmega-millions.com/numbers/2013-12-06.html]
[ozmega-millions.com/numbers/2013-12-10.html]
[ozmega-millions.com/numbers/2013-12-24.html]
[ozmega-millions.com/numbers/2018-07-13.html]
[ozmega-millions.com/numbers/2018-07-17.html]
[ozmega-millions.com/numbers/2018-08-03.html]
[ozmega-millions.com/numbers/2018-07-31.html]
[ozmega-millions.com/numbers/2016-06-28.html]
[ozmega-millions.com/numbers/2016-07-01.html]
[ozmega-millions.com/numbers/2016-07-19.html]
[ozmega-millions.com/numbers/2016-07-15.html]
[ozmega-millions.com/numbers/2018-03-20.html]
[ozmega-millions.com/numbers/2018-03-23.html]
[ozmega-millions.com/numbers/2018-04-06.html]
[ozmega-millions.com/numbers/2017-12-26.html]
[ozmega-millions.com/numbers/2017-12-29.html]
[ozmega-millions.com/numbers/2018-01-16.html]
[ozmega-millions.com/numbers/2018-01-12.html]
[ozmega-millions.com/numbers/2018-12-21.html]
[ozmega-millions.com/numbers/2018-12-25.html]
[ozmega-millions.com/numbers/2019-01-11.html]
[ozmega-millions.com/numbers/2019-01-08.html]
[ozmega-millions.com/numbers/2014-03-07.html]
[ozmega-millions.com/numbers/2014-03-11.html]
[ozmega-millions.com/numbers/2014-03-28.html]
[ozmega-millions.com/numbers/2014-03-25.html]
[ozmega-millions.com/numbers/2020-05-29.html]
[ozmega-millions.com/numbers/2020-06-02.html]
[ozmega-millions.com/numbers/2020-06-19.html]
[ozmega-millions.com/numbers/2020-06-16.html]
[ozmega-millions.com/numbers/2018-10-16.html]
[ozmega-millions.com/numbers/2018-10-19.html]
[ozmega-millions.com/numbers/2018-10-30.html]
[ozmega-millions.com/numbers/2018-10-26.html]
[ozmega-millions.com/numbers/2018-09-21.html]
[ozmega-millions.com/numbers/2018-09-28.html]
[ozmega-millions.com/numbers/2018-09-25.html]
[ozmega-millions.com/numbers/2018-07-06.html]
[ozmega-millions.com/numbers/2018-07-10.html]
[ozmega-millions.com/numbers/2018-01-19.html]
[ozmega-millions.com/numbers/2018-01-26.html]
[ozmega-millions.com/numbers/2018-01-23.html]
[ozmega-millions.com/numbers/2020-05-22.html]
[ozmega-millions.com/numbers/2020-05-26.html]
[ozmega-millions.com/numbers/2020-12-22.html]
[ozmega-millions.com/numbers/2020-12-29.html]
[ozmega-millions.com/numbers/2020-12-25.html]
[ozmega-millions.com/numbers/2020-12-18.html]
[ozmega-millions.com/numbers/2020-12-15.html]
[ozmega-millions.com/numbers/2020-12-01.html]
[ozmega-millions.com/numbers/2020-12-08.html]
[ozmega-millions.com/numbers/2020-12-04.html]
[ozmega-millions.com/numbers/2020-11-13.html]
[ozmega-millions.com/numbers/2020-11-20.html]
[ozmega-millions.com/numbers/2020-11-17.html]
[ozmega-millions.com/numbers/2020-10-30.html]
[ozmega-millions.com/numbers/2020-11-06.html]
[ozmega-millions.com/numbers/2020-11-03.html]
[ozmega-millions.com/numbers/2020-10-20.html]
[ozmega-millions.com/numbers/2020-10-02.html]
[ozmega-millions.com/numbers/2020-07-21.html]
[ozmega-millions.com/numbers/2020-07-24.html]
[ozmega-millions.com/numbers/2020-07-31.html]
[ozmega-millions.com/numbers/2020-07-28.html]
[ozmega-millions.com/numbers/2020-07-03.html]
[ozmega-millions.com/numbers/2020-07-10.html]
[ozmega-millions.com/numbers/2020-07-07.html]
[ozmega-millions.com/numbers/2020-05-08.html]
[ozmega-millions.com/numbers/2020-05-15.html]
[ozmega-millions.com/numbers/2020-05-12.html]
[ozmega-millions.com/numbers/2020-04-24.html]
[ozmega-millions.com/numbers/2020-05-01.html]
[ozmega-millions.com/numbers/2020-04-28.html]
[ozmega-millions.com/numbers/2020-02-18.html]
[ozmega-millions.com/numbers/2020-02-21.html]
[ozmega-millions.com/numbers/2020-03-06.html]
[ozmega-millions.com/numbers/2020-03-13.html]
[ozmega-millions.com/numbers/2020-03-10.html]
[ozmega-millions.com/numbers/2020-02-28.html]
[ozmega-millions.com/numbers/2020-02-25.html]
[ozmega-millions.com/numbers/2020-02-07.html]
[ozmega-millions.com/numbers/2020-02-14.html]
[ozmega-millions.com/numbers/2020-02-11.html]
[ozmega-millions.com/numbers/2020-01-24.html]
[ozmega-millions.com/numbers/2020-01-31.html]
[ozmega-millions.com/numbers/2020-01-28.html]
[ozmega-millions.com/numbers/2019-12-13.html]
[ozmega-millions.com/numbers/2019-12-20.html]
[ozmega-millions.com/numbers/2019-12-17.html]
[ozmega-millions.com/numbers/2020-01-17.html]
[ozmega-millions.com/numbers/2020-01-21.html]
[ozmega-millions.com/numbers/2019-10-25.html]
[ozmega-millions.com/numbers/2019-11-01.html]
[ozmega-millions.com/numbers/2019-10-29.html]
[ozmega-millions.com/numbers/2019-10-18.html]
[ozmega-millions.com/numbers/2019-10-22.html]
[ozmega-millions.com/numbers/2019-09-20.html]
[ozmega-millions.com/numbers/2019-09-27.html]
[ozmega-millions.com/numbers/2019-09-24.html]
[ozmega-millions.com/numbers/2019-06-04.html]
[ozmega-millions.com/numbers/2019-06-11.html]
[ozmega-millions.com/numbers/2019-06-07.html]
[ozmega-millions.com/numbers/2019-08-16.html]
[ozmega-millions.com/numbers/2019-08-23.html]
[ozmega-millions.com/numbers/2019-08-20.html]
[ozmega-millions.com/numbers/2019-07-19.html]
[ozmega-millions.com/numbers/2019-07-26.html]
[ozmega-millions.com/numbers/2019-07-23.html]
[ozmega-millions.com/numbers/2019-07-12.html]
[ozmega-millions.com/numbers/2019-07-09.html]
[ozmega-millions.com/numbers/2019-07-02.html]
[ozmega-millions.com/numbers/2019-07-05.html]
[ozmega-millions.com/numbers/2019-02-26.html]
[ozmega-millions.com/numbers/2019-03-01.html]
[ozmega-millions.com/numbers/2019-03-08.html]
[ozmega-millions.com/numbers/2019-03-05.html]
[ozmega-millions.com/numbers/2018-09-07.html]
[ozmega-millions.com/numbers/2018-09-14.html]
[ozmega-millions.com/numbers/2018-09-11.html]
[ozmega-millions.com/numbers/2018-08-24.html]
[ozmega-millions.com/numbers/2018-08-31.html]
[ozmega-millions.com/numbers/2018-08-28.html]
[ozmega-millions.com/numbers/2018-06-19.html]
[ozmega-millions.com/numbers/2018-06-26.html]
[ozmega-millions.com/numbers/2018-06-22.html]
[ozmega-millions.com/numbers/2017-09-19.html]
[ozmega-millions.com/numbers/2017-09-26.html]
[ozmega-millions.com/numbers/2017-09-22.html]
[ozmega-millions.com/numbers/2020-03-31.html]
[ozmega-millions.com/news/beware-of-new-mega-millions-scams.html]
[ozmega-millions.com/news/2020-june]
[ozmega-millions.com/news/2020-october-2.html]
[ozmega-millions.com/news/2020-october.html]
[ozmega-millions.com/news/2020-november]
[ozmega-millions.com/news/2020-december-2.html]
[ozmega-millions.com/news/2020-december.html]
[ozmega-millions.com/news/2019-january-2.html]
[ozmega-millions.com/news/2019-january.html]
[ozmega-millions.com/news/2019-march-2.html]
[ozmega-millions.com/news/2019-march.html]
[ozmega-millions.com/news/2019-october]
[ozmega-millions.com/news/2018-january-2.html]
[ozmega-millions.com/news/2018-january.html]
[ozmega-millions.com/news/2018-february-2.html]
[ozmega-millions.com/news/2018-february.html]
[ozmega-millions.com/news/2018-september-2.html]
[ozmega-millions.com/news/2018-september.html]
[ozmega-millions.com/numbers/2012-03-16.html]
[ozmega-millions.com/numbers/2012-03-20.html]
[ozmega-millions.com/numbers/2012-04-13.html]
[ozmega-millions.com/numbers/2012-04-10.html]
[ozmega-millions.com/numbers/2013-12-03.html]
[ozmega-millions.com/numbers/2013-12-06.html]
[ozmega-millions.com/numbers/2018-07-13.html]
[ozmega-millions.com/numbers/2018-08-07.html]
[ozmega-millions.com/numbers/2018-08-03.html]
[ozmega-millions.com/numbers/2016-06-24.html]
[ozmega-millions.com/numbers/2016-06-28.html]
[ozmega-millions.com/numbers/2016-07-22.html]
[ozmega-millions.com/numbers/2016-07-19.html]
[ozmega-millions.com/numbers/2018-03-16.html]
[ozmega-millions.com/numbers/2018-03-20.html]
[ozmega-millions.com/numbers/2018-04-10]
[ozmega-millions.com/numbers/2017-12-22.html]
[ozmega-millions.com/numbers/2017-12-26.html]
[ozmega-millions.com/numbers/2018-01-16.html]
[ozmega-millions.com/numbers/2018-12-18.html]
[ozmega-millions.com/numbers/2018-12-21.html]
[ozmega-millions.com/numbers/2019-01-15.html]
[ozmega-millions.com/numbers/2019-01-11.html]
[ozmega-millions.com/numbers/2014-03-04.html]
[ozmega-millions.com/numbers/2014-03-07.html]
[ozmega-millions.com/numbers/2014-04-01.html]
[ozmega-millions.com/numbers/2014-03-28.html]
[ozmega-millions.com/numbers/2020-05-29.html]
[ozmega-millions.com/numbers/2020-06-23.html]
[ozmega-millions.com/numbers/2020-06-19.html]
[ozmega-millions.com/numbers/2018-10-12.html]
[ozmega-millions.com/numbers/2018-10-16.html]
[ozmega-millions.com/numbers/2018-11-02.html]
[ozmega-millions.com/numbers/2018-10-30.html]
[ozmega-millions.com/numbers/2018-09-18.html]
[ozmega-millions.com/numbers/2018-09-21.html]
[ozmega-millions.com/numbers/2018-10-02.html]
[ozmega-millions.com/numbers/2018-09-28.html]
[ozmega-millions.com/numbers/2018-07-03.html]
[ozmega-millions.com/numbers/2018-07-06.html]
[ozmega-millions.com/numbers/2018-01-19.html]
[ozmega-millions.com/numbers/2018-01-30.html]
[ozmega-millions.com/numbers/2018-01-26.html]
[ozmega-millions.com/numbers/2020-05-19.html]
[ozmega-millions.com/numbers/2020-05-22.html]
[ozmega-millions.com/numbers/2020-12-22.html]
[ozmega-millions.com/numbers/2020-12-29.html]
[ozmega-millions.com/numbers/2020-12-18.html]
[ozmega-millions.com/numbers/2020-12-11]
[ozmega-millions.com/numbers/2020-11-27.html]
[ozmega-millions.com/numbers/2020-12-01.html]
[ozmega-millions.com/numbers/2020-12-08.html]
[ozmega-millions.com/numbers/2020-11-10.html]
[ozmega-millions.com/numbers/2020-11-13.html]
[ozmega-millions.com/numbers/2020-11-24.html]
[ozmega-millions.com/numbers/2020-11-20.html]
[ozmega-millions.com/numbers/2020-10-27.html]
[ozmega-millions.com/numbers/2020-10-30.html]
[ozmega-millions.com/numbers/2020-11-06.html]
[ozmega-millions.com/numbers/2020-07-17.html]
[ozmega-millions.com/numbers/2020-07-21.html]
[ozmega-millions.com/numbers/2020-08-04.html]
[ozmega-millions.com/numbers/2020-07-31.html]
[ozmega-millions.com/numbers/2020-06-30.html]
[ozmega-millions.com/numbers/2020-07-03.html]
[ozmega-millions.com/numbers/2020-07-14.html]
[ozmega-millions.com/numbers/2020-07-10.html]
[ozmega-millions.com/numbers/2020-05-05.html]
[ozmega-millions.com/numbers/2020-05-08.html]
[ozmega-millions.com/numbers/2020-05-15.html]
[ozmega-millions.com/numbers/2020-04-21.html]
[ozmega-millions.com/numbers/2020-04-24.html]
[ozmega-millions.com/numbers/2020-05-01.html]
[ozmega-millions.com/numbers/2020-02-18.html]
[ozmega-millions.com/numbers/2020-03-03.html]
[ozmega-millions.com/numbers/2020-03-06.html]
[ozmega-millions.com/numbers/2020-03-17.html]
[ozmega-millions.com/numbers/2020-03-13.html]
[ozmega-millions.com/numbers/2020-02-28.html]
[ozmega-millions.com/numbers/2020-02-04.html]
[ozmega-millions.com/numbers/2020-02-07.html]
[ozmega-millions.com/numbers/2020-02-14.html]
[ozmega-millions.com/numbers/2020-01-24.html]
[ozmega-millions.com/numbers/2020-01-31.html]
[ozmega-millions.com/numbers/2019-12-10.html]
[ozmega-millions.com/numbers/2019-12-13.html]
[ozmega-millions.com/numbers/2019-12-24.html]
[ozmega-millions.com/numbers/2019-12-20.html]
[ozmega-millions.com/numbers/2020-01-14.html]
[ozmega-millions.com/numbers/2020-01-17.html]
[ozmega-millions.com/numbers/2019-10-25.html]
[ozmega-millions.com/numbers/2019-11-05.html]
[ozmega-millions.com/numbers/2019-11-01.html]
[ozmega-millions.com/numbers/2019-10-15.html]
[ozmega-millions.com/numbers/2019-10-18.html]
[ozmega-millions.com/numbers/2019-09-17.html]
[ozmega-millions.com/numbers/2019-09-20.html]
[ozmega-millions.com/numbers/2019-10-01.html]
[ozmega-millions.com/numbers/2019-09-27.html]
[ozmega-millions.com/numbers/2019-05-31.html]
[ozmega-millions.com/numbers/2019-06-04.html]
[ozmega-millions.com/numbers/2019-06-14.html]
[ozmega-millions.com/numbers/2019-06-11.html]
[ozmega-millions.com/numbers/2019-08-13.html]
[ozmega-millions.com/numbers/2019-08-16.html]
[ozmega-millions.com/numbers/2019-08-27.html]
[ozmega-millions.com/numbers/2019-08-23.html]
[ozmega-millions.com/numbers/2019-07-16.html]
[ozmega-millions.com/numbers/2019-07-19.html]
[ozmega-millions.com/numbers/2019-07-30.html]
[ozmega-millions.com/numbers/2019-07-26.html]
[ozmega-millions.com/numbers/2019-07-12.html]
[ozmega-millions.com/numbers/2019-06-28.html]
[ozmega-millions.com/numbers/2019-07-02.html]
[ozmega-millions.com/numbers/2019-02-22.html]
[ozmega-millions.com/numbers/2019-02-26.html]
[ozmega-millions.com/numbers/2019-03-12.html]
[ozmega-millions.com/numbers/2019-03-08.html]
[ozmega-millions.com/numbers/2018-09-04.html]
[ozmega-millions.com/numbers/2018-09-07.html]
[ozmega-millions.com/numbers/2018-09-14.html]
[ozmega-millions.com/numbers/2018-08-21.html]
[ozmega-millions.com/numbers/2018-08-24.html]
[ozmega-millions.com/numbers/2018-08-31.html]
[ozmega-millions.com/numbers/2018-06-15.html]
[ozmega-millions.com/numbers/2018-06-19.html]
[ozmega-millions.com/numbers/2018-06-29.html]
[ozmega-millions.com/numbers/2018-06-26.html]
[ozmega-millions.com/numbers/2017-09-15.html]
[ozmega-millions.com/numbers/2017-09-19.html]
[ozmega-millions.com/numbers/2017-09-29.html]
[ozmega-millions.com/numbers/2017-09-26.html]
[ozmega-millions.com/news/jackpot-rolls-to-58-million-for-fridays-draw.html]
[ozmega-millions.com/numbers/2020-03-27.html]
[ozmega-millions.com/numbers/2020-04-03.html]
[ozmega-millions.com/numbers/2020-03-31.html]
[ozmega-millions.com/news/2020-september.html]
[ozmega-millions.com/news/2020-october-2.html]
[ozmega-millions.com/news/2020-december-2.html]
[ozmega-millions.com/news/2019-january-2.html]
[ozmega-millions.com/news/2019-march-2.html]
[ozmega-millions.com/news/2018-january-2.html]
[ozmega-millions.com/news/2018-february-2.html]
[ozmega-millions.com/news/2018-july.html]
[ozmega-millions.com/news/2018-august.html]
[ozmega-millions.com/news/2018-september-2.html]
[ozmega-millions.com/numbers/2012-03-13.html]
[ozmega-millions.com/numbers/2012-03-16.html]
[ozmega-millions.com/numbers/2012-04-17.html]
[ozmega-millions.com/numbers/2012-04-13.html]
[ozmega-millions.com/numbers/2013-11-29.html]
[ozmega-millions.com/numbers/2013-12-03.html]
[ozmega-millions.com/numbers/2013-12-28.html]
[ozmega-millions.com/numbers/2013-12-27.html]
[ozmega-millions.com/numbers/2018-08-10.html]
[ozmega-millions.com/numbers/2018-08-07.html]
[ozmega-millions.com/numbers/2016-06-21.html]
[ozmega-millions.com/numbers/2016-06-24.html]
[ozmega-millions.com/numbers/2016-07-26.html]
[ozmega-millions.com/numbers/2016-07-22.html]
[ozmega-millions.com/numbers/2018-03-13.html]
[ozmega-millions.com/numbers/2018-03-16.html]
[ozmega-millions.com/numbers/2018-04-13.html]
[ozmega-millions.com/numbers/2018-04-10]
[ozmega-millions.com/numbers/2017-12-19.html]
[ozmega-millions.com/numbers/2017-12-22.html]
[ozmega-millions.com/numbers/2018-12-14.html]
[ozmega-millions.com/numbers/2018-12-18.html]
[ozmega-millions.com/numbers/2019-01-18.html]
[ozmega-millions.com/numbers/2019-01-15.html]
[ozmega-millions.com/numbers/2014-02-28.html]
[ozmega-millions.com/numbers/2014-03-04.html]
[ozmega-millions.com/numbers/2014-04-04.html]
[ozmega-millions.com/numbers/2014-04-01.html]
[ozmega-millions.com/numbers/2020-06-26.html]
[ozmega-millions.com/numbers/2020-06-23.html]
[ozmega-millions.com/numbers/2018-10-09.html]
[ozmega-millions.com/numbers/2018-10-12.html]
[ozmega-millions.com/numbers/2018-11-06.html]
[ozmega-millions.com/numbers/2018-11-02.html]
[ozmega-millions.com/numbers/2018-09-18.html]
[ozmega-millions.com/numbers/2018-10-05.html]
[ozmega-millions.com/numbers/2018-10-02.html]
[ozmega-millions.com/numbers/2018-07-03.html]
[ozmega-millions.com/numbers/2018-02-02.html]
[ozmega-millions.com/numbers/2018-01-30.html]
[ozmega-millions.com/numbers/2020-05-19.html]
[ozmega-millions.com/numbers/2020-12-11]
[ozmega-millions.com/numbers/2020-11-27.html]
[ozmega-millions.com/numbers/2020-11-10.html]
[ozmega-millions.com/numbers/2020-11-24.html]
[ozmega-millions.com/numbers/2020-10-27.html]
[ozmega-millions.com/numbers/2020-10-17.html]
[ozmega-millions.com/numbers/2020-10-16.html]
[ozmega-millions.com/numbers/2020-10-24.html]
[ozmega-millions.com/numbers/2020-10-23.html]
[ozmega-millions.com/numbers/2020-09-30.html]
[ozmega-millions.com/numbers/2020-09-29.html]
[ozmega-millions.com/numbers/2020-10-7.html]
[ozmega-millions.com/numbers/2020-10-06.html]
[ozmega-millions.com/numbers/2020-07-17.html]
[ozmega-millions.com/numbers/2020-08-07.html]
[ozmega-millions.com/numbers/2020-08-04.html]
[ozmega-millions.com/numbers/2020-06-30.html]
[ozmega-millions.com/numbers/2020-07-14.html]
[ozmega-millions.com/numbers/2020-05-05.html]
[ozmega-millions.com/numbers/2020-04-17.html]
[ozmega-millions.com/numbers/2020-04-21.html]
[ozmega-millions.com/numbers/2020-03-03.html]
[ozmega-millions.com/numbers/2020-03-20.html]
[ozmega-millions.com/numbers/2020-03-17.html]
[ozmega-millions.com/numbers/2020-02-04.html]
[ozmega-millions.com/numbers/2019-12-06.html]
[ozmega-millions.com/numbers/2019-12-10.html]
[ozmega-millions.com/numbers/2019-12-27.html]
[ozmega-millions.com/numbers/2019-12-24.html]
[ozmega-millions.com/numbers/2020-01-10.html]
[ozmega-millions.com/numbers/2020-01-14.html]
[ozmega-millions.com/numbers/2019-11-08.html]
[ozmega-millions.com/numbers/2019-11-05.html]
[ozmega-millions.com/numbers/2019-10-11.html]
[ozmega-millions.com/numbers/2019-10-15.html]
[ozmega-millions.com/numbers/2019-09-13.html]
[ozmega-millions.com/numbers/2019-09-17.html]
[ozmega-millions.com/numbers/2019-10-04.html]
[ozmega-millions.com/numbers/2019-10-01.html]
[ozmega-millions.com/numbers/2019-05-28.html]
[ozmega-millions.com/numbers/2019-05-31.html]
[ozmega-millions.com/numbers/2019-06-18.html]
[ozmega-millions.com/numbers/2019-06-14.html]
[ozmega-millions.com/numbers/2019-08-09.html]
[ozmega-millions.com/numbers/2019-08-13.html]
[ozmega-millions.com/numbers/2019-08-30.html]
[ozmega-millions.com/numbers/2019-08-27.html]
[ozmega-millions.com/numbers/2019-07-16.html]
[ozmega-millions.com/numbers/2019-08-02.html]
[ozmega-millions.com/numbers/2019-07-30.html]
[ozmega-millions.com/numbers/2019-06-25.html]
[ozmega-millions.com/numbers/2019-06-28.html]
[ozmega-millions.com/numbers/2019-02-19.html]
[ozmega-millions.com/numbers/2019-02-22.html]
[ozmega-millions.com/numbers/2019-03-15.html]
[ozmega-millions.com/numbers/2019-03-12.html]
[ozmega-millions.com/numbers/2018-09-04.html]
[ozmega-millions.com/numbers/2018-08-17.html]
[ozmega-millions.com/numbers/2018-08-21.html]
[ozmega-millions.com/numbers/2018-06-12.html]
[ozmega-millions.com/numbers/2018-06-15.html]
[ozmega-millions.com/numbers/2018-06-29.html]
[ozmega-millions.com/numbers/2017-09-12.html]
[ozmega-millions.com/numbers/2017-09-15.html]
[ozmega-millions.com/numbers/2017-10-03.html]
[ozmega-millions.com/numbers/2017-09-29.html]
[ozmega-millions.com/numbers/2020-03-24.html]
[ozmega-millions.com/numbers/2020-03-27.html]
[ozmega-millions.com/numbers/2020-04-07.html]
[ozmega-millions.com/numbers/2020-04-03.html]
[ozmega-millions.com/numbers/2012-03-09.html]
[ozmega-millions.com/numbers/2012-03-13.html]
[ozmega-millions.com/numbers/2012-04-20.html]
[ozmega-millions.com/numbers/2012-04-17.html]
[ozmega-millions.com/numbers/2013-11-26.html]
[ozmega-millions.com/numbers/2013-11-29.html]
[ozmega-millions.com/numbers/2013-12-31.html]
[ozmega-millions.com/numbers/2013-12-28.html]
[ozmega-millions.com/numbers/2018-08-14.html]
[ozmega-millions.com/numbers/2018-08-10.html]
[ozmega-millions.com/numbers/2016-06-17.html]
[ozmega-millions.com/numbers/2016-06-21.html]
[ozmega-millions.com/numbers/2016-07-29.html]
[ozmega-millions.com/numbers/2016-07-26.html]
[ozmega-millions.com/numbers/2018-03-09.html]
[ozmega-millions.com/numbers/2018-03-13.html]
[ozmega-millions.com/numbers/2018-04-17.html]
[ozmega-millions.com/numbers/2018-04-13.html]
[ozmega-millions.com/numbers/2017-12-15.html]
[ozmega-millions.com/numbers/2017-12-19.html]
[ozmega-millions.com/numbers/2018-12-11.html]
[ozmega-millions.com/numbers/2018-12-14.html]
[ozmega-millions.com/numbers/2019-01-22.html]
[ozmega-millions.com/numbers/2019-01-18.html]
[ozmega-millions.com/numbers/2014-02-25.html]
[ozmega-millions.com/numbers/2014-02-28.html]
[ozmega-millions.com/numbers/2014-04-08.html]
[ozmega-millions.com/numbers/2014-04-04.html]
[ozmega-millions.com/numbers/2020-06-26.html]
[ozmega-millions.com/numbers/2018-10-09.html]
[ozmega-millions.com/numbers/2018-11-09.html]
[ozmega-millions.com/numbers/2018-11-06.html]
[ozmega-millions.com/numbers/2018-10-05.html]
[ozmega-millions.com/numbers/2018-02-06.html]
[ozmega-millions.com/numbers/2018-02-02.html]
[ozmega-millions.com/numbers/2020-10-13.html]
[ozmega-millions.com/numbers/2020-10-17.html]
[ozmega-millions.com/numbers/2020-10-24.html]
[ozmega-millions.com/numbers/2020-09-25.html]
[ozmega-millions.com/numbers/2020-09-30.html]
[ozmega-millions.com/numbers/2020-10-09.html]
[ozmega-millions.com/numbers/2020-10-7.html]
[ozmega-millions.com/numbers/2020-08-11.html]
[ozmega-millions.com/numbers/2020-08-07.html]
[ozmega-millions.com/numbers/2020-04-14.html]
[ozmega-millions.com/numbers/2020-04-17.html]
[ozmega-millions.com/numbers/2020-03-20.html]
[ozmega-millions.com/numbers/2019-12-03.html]
[ozmega-millions.com/numbers/2019-12-06.html]
[ozmega-millions.com/numbers/2019-12-31.html]
[ozmega-millions.com/numbers/2019-12-27.html]
[ozmega-millions.com/numbers/2020-01-07.html]
[ozmega-millions.com/numbers/2020-01-10.html]
[ozmega-millions.com/numbers/2019-11-12.html]
[ozmega-millions.com/numbers/2019-11-08.html]
[ozmega-millions.com/numbers/2019-10-08.html]
[ozmega-millions.com/numbers/2019-10-11.html]
[ozmega-millions.com/numbers/2019-09-10.html]
[ozmega-millions.com/numbers/2019-09-13.html]
[ozmega-millions.com/numbers/2019-10-04.html]
[ozmega-millions.com/numbers/2019-05-24.html]
[ozmega-millions.com/numbers/2019-05-28.html]
[ozmega-millions.com/numbers/2019-06-21.html]
[ozmega-millions.com/numbers/2019-06-18.html]
[ozmega-millions.com/numbers/2019-08-06.html]
[ozmega-millions.com/numbers/2019-08-09.html]
[ozmega-millions.com/numbers/2019-08-30.html]
[ozmega-millions.com/numbers/2019-08-02.html]
[ozmega-millions.com/numbers/2019-06-25.html]
[ozmega-millions.com/numbers/2019-02-19.html]
[ozmega-millions.com/numbers/2019-03-15.html]
[ozmega-millions.com/numbers/2018-08-17.html]
[ozmega-millions.com/numbers/2018-06-08.html]
[ozmega-millions.com/numbers/2018-06-12.html]
[ozmega-millions.com/numbers/2017-09-08.html]
[ozmega-millions.com/numbers/2017-09-12.html]
[ozmega-millions.com/numbers/2017-10-06.html]
[ozmega-millions.com/numbers/2017-10-03.html]
[ozmega-millions.com/numbers/2020-03-24.html]
[ozmega-millions.com/numbers/2020-04-10.html]
[ozmega-millions.com/numbers/2020-04-07.html]
[ozmega-millions.com/numbers/2012-03-06.html]
[ozmega-millions.com/numbers/2012-03-09.html]
[ozmega-millions.com/numbers/2012-04-24.html]
[ozmega-millions.com/numbers/2012-04-20.html]
[ozmega-millions.com/numbers/2013-11-22.html]
[ozmega-millions.com/numbers/2013-11-26.html]
[ozmega-millions.com/numbers/2013-12-31.html]
[ozmega-millions.com/numbers/2018-08-14.html]
[ozmega-millions.com/numbers/2016-06-17.html]
[ozmega-millions.com/numbers/2016-08-02.html]
[ozmega-millions.com/numbers/2016-07-29.html]
[ozmega-millions.com/numbers/2018-03-06.html]
[ozmega-millions.com/numbers/2018-03-09.html]
[ozmega-millions.com/numbers/2018-04-17.html]
[ozmega-millions.com/numbers/2017-12-12.html]
[ozmega-millions.com/numbers/2017-12-15.html]
[ozmega-millions.com/numbers/2018-12-11.html]
[ozmega-millions.com/numbers/2019-01-25.html]
[ozmega-millions.com/numbers/2019-01-22.html]
[ozmega-millions.com/numbers/2014-02-25.html]
[ozmega-millions.com/numbers/2014-04-11.html]
[ozmega-millions.com/numbers/2014-04-08.html]
[ozmega-millions.com/numbers/2018-11-09.html]
[ozmega-millions.com/numbers/2018-02-09.html]
[ozmega-millions.com/numbers/2018-02-06.html]
[ozmega-millions.com/numbers/2020-10-13.html]
[ozmega-millions.com/numbers/2020-09-22.html]
[ozmega-millions.com/numbers/2020-09-25.html]
[ozmega-millions.com/numbers/2020-10-09.html]
[ozmega-millions.com/numbers/2020-08-14.html]
[ozmega-millions.com/numbers/2020-08-11.html]
[ozmega-millions.com/numbers/2020-04-14.html]
[ozmega-millions.com/numbers/2019-11-29.html]
[ozmega-millions.com/numbers/2019-12-03.html]
[ozmega-millions.com/numbers/2020-01-03.html]
[ozmega-millions.com/numbers/2019-12-31.html]
[ozmega-millions.com/numbers/2020-01-07.html]
[ozmega-millions.com/numbers/2019-11-15.html]
[ozmega-millions.com/numbers/2019-11-12.html]
[ozmega-millions.com/numbers/2019-10-08.html]
[ozmega-millions.com/numbers/2019-09-06.html]
[ozmega-millions.com/numbers/2019-09-10.html]
[ozmega-millions.com/numbers/2019-05-21.html]
[ozmega-millions.com/numbers/2019-05-24.html]
[ozmega-millions.com/numbers/2019-06-21.html]
[ozmega-millions.com/numbers/2019-08-06.html]
[ozmega-millions.com/numbers/2019-09-03]
[ozmega-millions.com/numbers/2018-06-05.html]
[ozmega-millions.com/numbers/2018-06-08.html]
[ozmega-millions.com/numbers/2017-09-05.html]
[ozmega-millions.com/numbers/2017-09-08.html]
[ozmega-millions.com/numbers/2017-10-10.html]
[ozmega-millions.com/numbers/2017-10-06.html]
[ozmega-millions.com/numbers/2020-04-10.html]
[ozmega-millions.com/numbers/2012-03-02.html]
[ozmega-millions.com/numbers/2012-03-06.html]
[ozmega-millions.com/numbers/2012-04-27.html]
[ozmega-millions.com/numbers/2012-04-24.html]
[ozmega-millions.com/numbers/2013-11-19.html]
[ozmega-millions.com/numbers/2013-11-22.html]
[ozmega-millions.com/numbers/2014-01-03]
[ozmega-millions.com/numbers/2016-08-05.html]
[ozmega-millions.com/numbers/2016-08-02.html]
[ozmega-millions.com/numbers/2018-03-02.html]
[ozmega-millions.com/numbers/2018-03-06.html]
[ozmega-millions.com/numbers/2017-12-08.html]
[ozmega-millions.com/numbers/2017-12-12.html]
[ozmega-millions.com/numbers/2019-01-29.html]
[ozmega-millions.com/numbers/2019-01-25.html]
[ozmega-millions.com/numbers/2014-04-15.html]
[ozmega-millions.com/numbers/2014-04-11.html]
[ozmega-millions.com/numbers/2018-11-13]
[ozmega-millions.com/numbers/2018-02-13.html]
[ozmega-millions.com/numbers/2018-02-09.html]
[ozmega-millions.com/numbers/2020-09-18.html]
[ozmega-millions.com/numbers/2020-09-22.html]
[ozmega-millions.com/numbers/2020-08-18.html]
[ozmega-millions.com/numbers/2020-08-14.html]
[ozmega-millions.com/numbers/2019-11-26.html]
[ozmega-millions.com/numbers/2019-11-29.html]
[ozmega-millions.com/numbers/2020-01-03.html]
[ozmega-millions.com/numbers/2019-11-19.html]
[ozmega-millions.com/numbers/2019-11-15.html]
[ozmega-millions.com/numbers/2019-09-06.html]
[ozmega-millions.com/numbers/2019-05-17.html]
[ozmega-millions.com/numbers/2019-05-21.html]
[ozmega-millions.com/numbers/2019-09-03]
[ozmega-millions.com/numbers/2019-02-16.html]
[ozmega-millions.com/numbers/2019-02-15.html]
[ozmega-millions.com/numbers/2018-06-01.html]
[ozmega-millions.com/numbers/2018-06-05.html]
[ozmega-millions.com/numbers/2017-09-01.html]
[ozmega-millions.com/numbers/2017-09-05.html]
[ozmega-millions.com/numbers/2017-10-13.html]
[ozmega-millions.com/numbers/2017-10-10.html]
[ozmega-millions.com/numbers/2012-02-28.html]
[ozmega-millions.com/numbers/2012-03-02.html]
[ozmega-millions.com/numbers/2012-05-01.html]
[ozmega-millions.com/numbers/2012-04-27.html]
[ozmega-millions.com/numbers/2013-11-15.html]
[ozmega-millions.com/numbers/2013-11-19.html]
[ozmega-millions.com/numbers/2014-01-07.html]
[ozmega-millions.com/numbers/2014-01-03]
[ozmega-millions.com/numbers/2016-06-15.html]
[ozmega-millions.com/numbers/2016-06-14.html]
[ozmega-millions.com/numbers/2016-08-09.html]
[ozmega-millions.com/numbers/2016-08-05.html]
[ozmega-millions.com/numbers/2018-02-27.html]
[ozmega-millions.com/numbers/2018-03-02.html]
[ozmega-millions.com/numbers/2017-12-05.html]
[ozmega-millions.com/numbers/2017-12-08.html]
[ozmega-millions.com/numbers/2018-12-8.html]
[ozmega-millions.com/numbers/2018-12-07.html]
[ozmega-millions.com/numbers/2019-02-01.html]
[ozmega-millions.com/numbers/2019-01-29.html]
[ozmega-millions.com/numbers/2014-04-18.html]
[ozmega-millions.com/numbers/2014-04-15.html]
[ozmega-millions.com/numbers/2018-11-16.html]
[ozmega-millions.com/numbers/2018-11-13]
[ozmega-millions.com/numbers/2018-02-16.html]
[ozmega-millions.com/numbers/2018-02-13.html]
[ozmega-millions.com/numbers/2020-09-15.html]
[ozmega-millions.com/numbers/2020-09-18.html]
[ozmega-millions.com/numbers/2020-08-21.html]
[ozmega-millions.com/numbers/2020-08-18.html]
[ozmega-millions.com/numbers/2019-11-22.html]
[ozmega-millions.com/numbers/2019-11-26.html]
[ozmega-millions.com/numbers/2019-11-19.html]
[ozmega-millions.com/numbers/2019-05-14.html]
[ozmega-millions.com/numbers/2019-05-17.html]
[ozmega-millions.com/numbers/2019-02-12.html]
[ozmega-millions.com/numbers/2019-02-16.html]
[ozmega-millions.com/numbers/2019-03-19.html]
[ozmega-millions.com/numbers/2018-05-29.html]
[ozmega-millions.com/numbers/2018-06-01.html]
[ozmega-millions.com/numbers/2017-08-29.html]
[ozmega-millions.com/numbers/2017-09-01.html]
[ozmega-millions.com/numbers/2017-10-17.html]
[ozmega-millions.com/numbers/2017-10-13.html]
[ozmega-millions.com/numbers/2012-02-24.html]
[ozmega-millions.com/numbers/2012-02-28.html]
[ozmega-millions.com/numbers/2012-05-01.html]
[ozmega-millions.com/numbers/2013-11-12.html]
[ozmega-millions.com/numbers/2013-11-15.html]
[ozmega-millions.com/numbers/2014-01-10.html]
[ozmega-millions.com/numbers/2014-01-07.html]
[ozmega-millions.com/numbers/2016-06-10.html]
[ozmega-millions.com/numbers/2016-06-15.html]
[ozmega-millions.com/numbers/2016-08-12.html]
[ozmega-millions.com/numbers/2016-08-09.html]
[ozmega-millions.com/numbers/2018-02-23.html]
[ozmega-millions.com/numbers/2018-02-27.html]
[ozmega-millions.com/numbers/2018-04-20.html]
[ozmega-millions.com/numbers/2017-12-01.html]
[ozmega-millions.com/numbers/2017-12-05.html]
[ozmega-millions.com/numbers/2018-12-04.html]
[ozmega-millions.com/numbers/2018-12-8.html]
[ozmega-millions.com/numbers/2019-02-05.html]
[ozmega-millions.com/numbers/2019-02-01.html]
[ozmega-millions.com/numbers/2014-02-21.html]
[ozmega-millions.com/numbers/2014-04-22.html]
[ozmega-millions.com/numbers/2014-04-18.html]
[ozmega-millions.com/numbers/2018-11-20.html]
[ozmega-millions.com/numbers/2018-11-16.html]
[ozmega-millions.com/numbers/2018-02-20.html]
[ozmega-millions.com/numbers/2018-02-16.html]
[ozmega-millions.com/numbers/2020-09-11.html]
[ozmega-millions.com/numbers/2020-09-15.html]
[ozmega-millions.com/numbers/2020-08-25.html]
[ozmega-millions.com/numbers/2020-08-21.html]
[ozmega-millions.com/numbers/2019-11-22.html]
[ozmega-millions.com/numbers/2019-05-10.html]
[ozmega-millions.com/numbers/2019-05-14.html]
[ozmega-millions.com/numbers/2019-02-08.html]
[ozmega-millions.com/numbers/2019-02-12.html]
[ozmega-millions.com/numbers/2018-05-25.html]
[ozmega-millions.com/numbers/2018-05-29.html]
[ozmega-millions.com/numbers/2017-08-25.html]
[ozmega-millions.com/numbers/2017-08-29.html]
[ozmega-millions.com/numbers/2017-10-20.html]
[ozmega-millions.com/numbers/2017-10-17.html]
[ozmega-millions.com/numbers/2012-02-21.html]
[ozmega-millions.com/numbers/2012-02-24.html]
[ozmega-millions.com/numbers/2013-11-08.html]
[ozmega-millions.com/numbers/2013-11-12.html]
[ozmega-millions.com/numbers/2014-01-14.html]
[ozmega-millions.com/numbers/2014-01-10.html]
[ozmega-millions.com/numbers/2016-06-07.html]
[ozmega-millions.com/numbers/2016-06-10.html]
[ozmega-millions.com/numbers/2016-08-16.html]
[ozmega-millions.com/numbers/2016-08-12.html]
[ozmega-millions.com/numbers/2018-02-23.html]
[ozmega-millions.com/numbers/2017-11-28.html]
[ozmega-millions.com/numbers/2017-12-01.html]
[ozmega-millions.com/numbers/2018-11-30.html]
[ozmega-millions.com/numbers/2018-12-04.html]
[ozmega-millions.com/numbers/2019-02-05.html]
[ozmega-millions.com/numbers/2014-04-25.html]
[ozmega-millions.com/numbers/2014-04-22.html]
[ozmega-millions.com/numbers/2018-11-23.html]
[ozmega-millions.com/numbers/2018-11-20.html]
[ozmega-millions.com/numbers/2018-02-20.html]
[ozmega-millions.com/numbers/2020-09-08.html]
[ozmega-millions.com/numbers/2020-09-11.html]
[ozmega-millions.com/numbers/2020-08-28.html]
[ozmega-millions.com/numbers/2020-08-25.html]
[ozmega-millions.com/numbers/2019-05-07.html]
[ozmega-millions.com/numbers/2019-05-10.html]
[ozmega-millions.com/numbers/2019-02-08.html]
[ozmega-millions.com/numbers/2018-05-22.html]
[ozmega-millions.com/numbers/2018-05-25.html]
[ozmega-millions.com/numbers/2017-08-25.html]
[ozmega-millions.com/numbers/2017-10-24.html]
[ozmega-millions.com/numbers/2017-10-20.html]
[ozmega-millions.com/numbers/2012-02-17.html]
[ozmega-millions.com/numbers/2012-02-21.html]
[ozmega-millions.com/numbers/2013-11-05.html]
[ozmega-millions.com/numbers/2013-11-08.html]
[ozmega-millions.com/numbers/2014-01-17.html]
[ozmega-millions.com/numbers/2014-01-14.html]
[ozmega-millions.com/numbers/2016-06-03.html]
[ozmega-millions.com/numbers/2016-06-07.html]
[ozmega-millions.com/numbers/2016-08-19.html]
[ozmega-millions.com/numbers/2016-08-16.html]
[ozmega-millions.com/numbers/2017-11-24.html]
[ozmega-millions.com/numbers/2017-11-28.html]
[ozmega-millions.com/numbers/2018-11-27.html]
[ozmega-millions.com/numbers/2018-11-30.html]
[ozmega-millions.com/numbers/2014-04-29.html]
[ozmega-millions.com/numbers/2014-04-25.html]
[ozmega-millions.com/numbers/2018-11-23.html]
[ozmega-millions.com/numbers/2020-09-04.html]
[ozmega-millions.com/numbers/2020-09-08.html]
[ozmega-millions.com/numbers/2020-09-01.html]
[ozmega-millions.com/numbers/2020-08-28.html]
[ozmega-millions.com/numbers/2019-05-03.html]
[ozmega-millions.com/numbers/2019-05-07.html]
[ozmega-millions.com/numbers/2018-05-18.html]
[ozmega-millions.com/numbers/2018-05-22.html]
[ozmega-millions.com/numbers/2017-10-27.html]
[ozmega-millions.com/numbers/2017-10-24.html]
[ozmega-millions.com/numbers/2012-02-14.html]
[ozmega-millions.com/numbers/2012-02-17.html]
[ozmega-millions.com/numbers/2012-05-04.html]
[ozmega-millions.com/numbers/2013-11-01.html]
[ozmega-millions.com/numbers/2013-11-05.html]
[ozmega-millions.com/numbers/2014-01-21.html]
[ozmega-millions.com/numbers/2014-01-17.html]
[ozmega-millions.com/numbers/2016-05-31.html]
[ozmega-millions.com/numbers/2016-06-03.html]
[ozmega-millions.com/numbers/2016-08-23.html]
[ozmega-millions.com/numbers/2016-08-19.html]
[ozmega-millions.com/numbers/2017-11-21.html]
[ozmega-millions.com/numbers/2017-11-24.html]
[ozmega-millions.com/numbers/2018-11-27.html]
[ozmega-millions.com/numbers/2014-05-02.html]
[ozmega-millions.com/numbers/2014-04-29.html]
[ozmega-millions.com/numbers/2020-09-04.html]
[ozmega-millions.com/numbers/2020-09-01.html]
[ozmega-millions.com/numbers/2019-04-30.html]
[ozmega-millions.com/numbers/2019-05-03.html]
[ozmega-millions.com/numbers/2018-05-15.html]
[ozmega-millions.com/numbers/2018-05-18.html]
[ozmega-millions.com/numbers/2017-10-31.html]
[ozmega-millions.com/numbers/2017-10-27.html]
[ozmega-millions.com/numbers/2012-02-10.html]
[ozmega-millions.com/numbers/2012-02-14.html]
[ozmega-millions.com/numbers/2013-10-29.html]
[ozmega-millions.com/numbers/2013-11-01.html]
[ozmega-millions.com/numbers/2014-01-24.html]
[ozmega-millions.com/numbers/2014-01-21.html]
[ozmega-millions.com/numbers/2016-05-27.html]
[ozmega-millions.com/numbers/2016-05-31.html]
[ozmega-millions.com/numbers/2016-08-23.html]
[ozmega-millions.com/numbers/2017-11-17.html]
[ozmega-millions.com/numbers/2017-11-21.html]
[ozmega-millions.com/numbers/2014-05-06.html]
[ozmega-millions.com/numbers/2014-05-02.html]
[ozmega-millions.com/numbers/2019-04-26.html]
[ozmega-millions.com/numbers/2019-04-30.html]
[ozmega-millions.com/numbers/2018-05-11.html]
[ozmega-millions.com/numbers/2018-05-15.html]
[ozmega-millions.com/numbers/2017-08-22.html]
[ozmega-millions.com/numbers/2017-11-03.html]
[ozmega-millions.com/numbers/2017-10-31.html]
[ozmega-millions.com/numbers/2012-02-07.html]
[ozmega-millions.com/numbers/2012-02-10.html]
[ozmega-millions.com/numbers/2013-10-25.html]
[ozmega-millions.com/numbers/2013-10-29.html]
[ozmega-millions.com/numbers/2014-01-24.html]
[ozmega-millions.com/numbers/2016-05-24.html]
[ozmega-millions.com/numbers/2016-05-27.html]
[ozmega-millions.com/numbers/2017-11-14.html]
[ozmega-millions.com/numbers/2017-11-17.html]
[ozmega-millions.com/numbers/2014-05-09.html]
[ozmega-millions.com/numbers/2014-05-06.html]
[ozmega-millions.com/numbers/2019-04-23.html]
[ozmega-millions.com/numbers/2019-04-26.html]
[ozmega-millions.com/numbers/2018-05-08.html]
[ozmega-millions.com/numbers/2018-05-11.html]
[ozmega-millions.com/numbers/2017-11-07.html]
[ozmega-millions.com/numbers/2017-11-03.html]
[ozmega-millions.com/numbers/2012-02-03.html]
[ozmega-millions.com/numbers/2012-02-07.html]
[ozmega-millions.com/numbers/2013-10-22.html]
[ozmega-millions.com/numbers/2013-10-25.html]
[ozmega-millions.com/numbers/2016-05-20.html]
[ozmega-millions.com/numbers/2016-05-24.html]
[ozmega-millions.com/numbers/2016-08-27.html]
[ozmega-millions.com/numbers/2016-08-26.html]
[ozmega-millions.com/numbers/2017-11-10.html]
[ozmega-millions.com/numbers/2017-11-14.html]
[ozmega-millions.com/numbers/2014-05-13.html]
[ozmega-millions.com/numbers/2014-05-09.html]
[ozmega-millions.com/numbers/2019-04-19.html]
[ozmega-millions.com/numbers/2019-04-23.html]
[ozmega-millions.com/numbers/2018-05-04.html]
[ozmega-millions.com/numbers/2018-05-08.html]
[ozmega-millions.com/numbers/2017-11-07.html]
[ozmega-millions.com/numbers/2012-02-03.html]
[ozmega-millions.com/numbers/2013-10-18.html]
[ozmega-millions.com/numbers/2013-10-22.html]
[ozmega-millions.com/numbers/2014-01-29.html]
[ozmega-millions.com/numbers/2014-01-28.html]
[ozmega-millions.com/numbers/2016-05-17.html]
[ozmega-millions.com/numbers/2016-05-20.html]
[ozmega-millions.com/numbers/2016-08-30.html]
[ozmega-millions.com/numbers/2016-08-27.html]
[ozmega-millions.com/numbers/2017-11-10.html]
[ozmega-millions.com/numbers/2014-05-16.html]
[ozmega-millions.com/numbers/2014-05-13.html]
[ozmega-millions.com/numbers/2019-04-16.html]
[ozmega-millions.com/numbers/2019-04-19.html]
[ozmega-millions.com/numbers/2018-05-01.html]
[ozmega-millions.com/numbers/2018-05-04.html]
[ozmega-millions.com/numbers/2013-10-15.html]
[ozmega-millions.com/numbers/2013-10-18.html]
[ozmega-millions.com/numbers/2014-01-31.html]
[ozmega-millions.com/numbers/2014-01-29.html]
[ozmega-millions.com/numbers/2016-05-13.html]
[ozmega-millions.com/numbers/2016-05-17.html]
[ozmega-millions.com/numbers/2016-09-02.html]
[ozmega-millions.com/numbers/2016-08-30.html]
[ozmega-millions.com/numbers/2014-05-20.html]
[ozmega-millions.com/numbers/2014-05-16.html]
[ozmega-millions.com/numbers/2019-04-12.html]
[ozmega-millions.com/numbers/2019-04-16.html]
[ozmega-millions.com/numbers/2018-04-27.html]
[ozmega-millions.com/numbers/2018-05-01.html]
[ozmega-millions.com/numbers/2013-10-11.html]
[ozmega-millions.com/numbers/2013-10-15.html]
[ozmega-millions.com/numbers/2014-02-04.html]
[ozmega-millions.com/numbers/2014-01-31.html]
[ozmega-millions.com/numbers/2016-05-10.html]
[ozmega-millions.com/numbers/2016-05-13.html]
[ozmega-millions.com/numbers/2016-09-06.html]
[ozmega-millions.com/numbers/2016-09-02.html]
[ozmega-millions.com/numbers/2014-05-23.html]
[ozmega-millions.com/numbers/2014-05-20.html]
[ozmega-millions.com/numbers/2019-04-09.html]
[ozmega-millions.com/numbers/2019-04-12.html]
[ozmega-millions.com/numbers/2018-04-24.html]
[ozmega-millions.com/numbers/2018-04-27.html]
[ozmega-millions.com/numbers/2012-01-31.html]
[ozmega-millions.com/numbers/2013-10-08.html]
[ozmega-millions.com/numbers/2013-10-11.html]
[ozmega-millions.com/numbers/2014-02-07.html]
[ozmega-millions.com/numbers/2014-02-04.html]
[ozmega-millions.com/numbers/2016-05-06.html]
[ozmega-millions.com/numbers/2016-05-10.html]
[ozmega-millions.com/numbers/2016-09-09.html]
[ozmega-millions.com/numbers/2016-09-06.html]
[ozmega-millions.com/numbers/2014-05-27.html]
[ozmega-millions.com/numbers/2014-05-23.html]
[ozmega-millions.com/numbers/2019-04-05.html]
[ozmega-millions.com/numbers/2019-04-09.html]
[ozmega-millions.com/numbers/2018-04-24.html]
[ozmega-millions.com/numbers/2013-10-04.html]
[ozmega-millions.com/numbers/2013-10-08.html]
[ozmega-millions.com/numbers/2014-02-11.html]
[ozmega-millions.com/numbers/2014-02-07.html]
[ozmega-millions.com/numbers/2016-05-03.html]
[ozmega-millions.com/numbers/2016-05-06.html]
[ozmega-millions.com/numbers/2016-09-13.html]
[ozmega-millions.com/numbers/2016-09-09.html]
[ozmega-millions.com/numbers/2014-05-30.html]
[ozmega-millions.com/numbers/2014-05-27.html]
[ozmega-millions.com/numbers/2019-04-02.html]
[ozmega-millions.com/numbers/2019-04-05.html]
[ozmega-millions.com/numbers/2013-10-01.html]
[ozmega-millions.com/numbers/2013-10-04.html]
[ozmega-millions.com/numbers/2014-02-14.html]
[ozmega-millions.com/numbers/2014-02-11.html]
[ozmega-millions.com/numbers/2016-04-29.html]
[ozmega-millions.com/numbers/2016-05-03.html]
[ozmega-millions.com/numbers/2016-09-16.html]
[ozmega-millions.com/numbers/2016-09-13.html]
[ozmega-millions.com/numbers/2014-06-03.html]
[ozmega-millions.com/numbers/2014-05-30.html]
[ozmega-millions.com/numbers/2019-03-29.html]
[ozmega-millions.com/numbers/2019-04-02.html]
[ozmega-millions.com/numbers/2013-09-27.html]
[ozmega-millions.com/numbers/2013-10-01.html]
[ozmega-millions.com/numbers/2014-02-18.html]
[ozmega-millions.com/numbers/2014-02-14.html]
[ozmega-millions.com/numbers/2016-04-26.html]
[ozmega-millions.com/numbers/2016-04-29.html]
[ozmega-millions.com/numbers/2016-09-20.html]
[ozmega-millions.com/numbers/2016-09-16.html]
[ozmega-millions.com/numbers/2014-06-06.html]
[ozmega-millions.com/numbers/2014-06-03.html]
[ozmega-millions.com/numbers/2019-03-26.html]
[ozmega-millions.com/numbers/2019-03-29.html]
[ozmega-millions.com/numbers/2013-09-24.html]
[ozmega-millions.com/numbers/2013-09-27.html]
[ozmega-millions.com/numbers/2014-02-18.html]
[ozmega-millions.com/numbers/2016-04-22.html]
[ozmega-millions.com/numbers/2016-04-26.html]
[ozmega-millions.com/numbers/2016-09-23.html]
[ozmega-millions.com/numbers/2016-09-20.html]
[ozmega-millions.com/numbers/2014-06-10.html]
[ozmega-millions.com/numbers/2014-06-06.html]
[ozmega-millions.com/numbers/2019-03-22.html]
[ozmega-millions.com/numbers/2019-03-26.html]
[ozmega-millions.com/numbers/2013-09-20.html]
[ozmega-millions.com/numbers/2013-09-24.html]
[ozmega-millions.com/numbers/2016-04-19.html]
[ozmega-millions.com/numbers/2016-04-22.html]
[ozmega-millions.com/numbers/2016-09-27.html]
[ozmega-millions.com/numbers/2016-09-23.html]
[ozmega-millions.com/numbers/2014-06-13.html]
[ozmega-millions.com/numbers/2014-06-10.html]
[ozmega-millions.com/numbers/2019-03-22.html]
[ozmega-millions.com/numbers/2013-09-17.html]
[ozmega-millions.com/numbers/2013-09-20.html]
[ozmega-millions.com/numbers/2016-04-15.html]
[ozmega-millions.com/numbers/2016-04-19.html]
[ozmega-millions.com/numbers/2016-09-30.html]
[ozmega-millions.com/numbers/2016-09-27.html]
[ozmega-millions.com/numbers/2014-06-17.html]
[ozmega-millions.com/numbers/2014-06-13.html]
[ozmega-millions.com/numbers/2013-09-13.html]
[ozmega-millions.com/numbers/2013-09-17.html]
[ozmega-millions.com/numbers/2016-04-12.html]
[ozmega-millions.com/numbers/2016-04-15.html]
[ozmega-millions.com/numbers/2016-10-04.html]
[ozmega-millions.com/numbers/2016-09-30.html]
[ozmega-millions.com/numbers/2014-06-20.html]
[ozmega-millions.com/numbers/2014-06-17.html]
[ozmega-millions.com/numbers/2013-09-10.html]
[ozmega-millions.com/numbers/2013-09-13.html]
[ozmega-millions.com/numbers/2016-04-08.html]
[ozmega-millions.com/numbers/2016-04-12.html]
[ozmega-millions.com/numbers/2016-10-07.html]
[ozmega-millions.com/numbers/2016-10-04.html]
[ozmega-millions.com/numbers/2014-06-24.html]
[ozmega-millions.com/numbers/2014-06-20.html]
[ozmega-millions.com/numbers/2013-09-06.html]
[ozmega-millions.com/numbers/2013-09-10.html]
[ozmega-millions.com/numbers/2016-04-05.html]
[ozmega-millions.com/numbers/2016-04-08.html]
[ozmega-millions.com/numbers/2016-10-11.html]
[ozmega-millions.com/numbers/2016-10-07.html]
[ozmega-millions.com/numbers/2014-06-27.html]
[ozmega-millions.com/numbers/2014-06-24.html]
[ozmega-millions.com/numbers/2013-09-03.html]
[ozmega-millions.com/numbers/2013-09-06.html]
[ozmega-millions.com/numbers/2016-04-01.html]
[ozmega-millions.com/numbers/2016-04-05.html]
[ozmega-millions.com/numbers/2016-10-14.html]
[ozmega-millions.com/numbers/2016-10-11.html]
[ozmega-millions.com/numbers/2014-07-01.html]
[ozmega-millions.com/numbers/2014-06-27.html]
[ozmega-millions.com/numbers/2013-08-30.html]
[ozmega-millions.com/numbers/2013-09-03.html]
[ozmega-millions.com/numbers/2016-03-29.html]
[ozmega-millions.com/numbers/2016-04-01.html]
[ozmega-millions.com/numbers/2016-10-18.html]
[ozmega-millions.com/numbers/2016-10-14.html]
[ozmega-millions.com/numbers/2014-07-04.html]
[ozmega-millions.com/numbers/2014-07-01.html]
[ozmega-millions.com/numbers/2013-08-27.html]
[ozmega-millions.com/numbers/2013-08-30.html]
[ozmega-millions.com/numbers/2016-03-25.html]
[ozmega-millions.com/numbers/2016-03-29.html]
[ozmega-millions.com/numbers/2016-10-21.html]
[ozmega-millions.com/numbers/2016-10-18.html]
[ozmega-millions.com/numbers/2014-07-08.html]
[ozmega-millions.com/numbers/2014-07-04.html]
[ozmega-millions.com/numbers/2013-08-23.html]
[ozmega-millions.com/numbers/2013-08-27.html]
[ozmega-millions.com/numbers/2016-03-22.html]
[ozmega-millions.com/numbers/2016-03-25.html]
[ozmega-millions.com/numbers/2016-10-25.html]
[ozmega-millions.com/numbers/2016-10-21.html]
[ozmega-millions.com/numbers/2014-07-11.html]
[ozmega-millions.com/numbers/2014-07-08.html]
[ozmega-millions.com/numbers/2013-08-20.html]
[ozmega-millions.com/numbers/2013-08-23.html]
[ozmega-millions.com/numbers/2016-03-18.html]
[ozmega-millions.com/numbers/2016-03-22.html]
[ozmega-millions.com/numbers/2016-10-28.html]
[ozmega-millions.com/numbers/2016-10-25.html]
[ozmega-millions.com/numbers/2014-07-15.html]
[ozmega-millions.com/numbers/2014-07-11.html]
[ozmega-millions.com/numbers/2013-08-16.html]
[ozmega-millions.com/numbers/2013-08-20.html]
[ozmega-millions.com/numbers/2016-03-15.html]
[ozmega-millions.com/numbers/2016-03-18.html]
[ozmega-millions.com/numbers/2016-10-28.html]
[ozmega-millions.com/numbers/2014-07-15.html]
[ozmega-millions.com/numbers/2013-08-13.html]
[ozmega-millions.com/numbers/2013-08-16.html]
[ozmega-millions.com/numbers/2016-03-11.html]
[ozmega-millions.com/numbers/2016-03-15.html]
[ozmega-millions.com/numbers/2016-11-01]
[ozmega-millions.com/numbers/2013-08-09.html]
[ozmega-millions.com/numbers/2013-08-13.html]
[ozmega-millions.com/numbers/2016-03-08.html]
[ozmega-millions.com/numbers/2016-03-11.html]
[ozmega-millions.com/numbers/2016-11-04.html]
[ozmega-millions.com/numbers/2016-11-01]
[ozmega-millions.com/numbers/2013-08-06.html]
[ozmega-millions.com/numbers/2013-08-09.html]
[ozmega-millions.com/numbers/2016-03-04.html]
[ozmega-millions.com/numbers/2016-03-08.html]
[ozmega-millions.com/numbers/2016-11-08.html]
[ozmega-millions.com/numbers/2016-11-04.html]
[ozmega-millions.com/numbers/2014-07-18.html]
[ozmega-millions.com/numbers/2013-08-02.html]
[ozmega-millions.com/numbers/2013-08-06.html]
[ozmega-millions.com/numbers/2016-03-01.html]
[ozmega-millions.com/numbers/2016-03-04.html]
[ozmega-millions.com/numbers/2016-11-11.html]
[ozmega-millions.com/numbers/2016-11-08.html]
[ozmega-millions.com/numbers/2013-07-30.html]
[ozmega-millions.com/numbers/2013-08-02.html]
[ozmega-millions.com/numbers/2016-02-26.html]
[ozmega-millions.com/numbers/2016-03-01.html]
[ozmega-millions.com/numbers/2016-11-15.html]
[ozmega-millions.com/numbers/2016-11-11.html]
[ozmega-millions.com/numbers/2013-07-26.html]
[ozmega-millions.com/numbers/2013-07-30.html]
[ozmega-millions.com/numbers/2016-02-23.html]
[ozmega-millions.com/numbers/2016-02-26.html]
[ozmega-millions.com/numbers/2016-11-18.html]
[ozmega-millions.com/numbers/2016-11-15.html]
[ozmega-millions.com/numbers/2013-07-23.html]
[ozmega-millions.com/numbers/2013-07-26.html]
[ozmega-millions.com/numbers/2016-02-19.html]
[ozmega-millions.com/numbers/2016-02-23.html]
[ozmega-millions.com/numbers/2016-11-22.html]
[ozmega-millions.com/numbers/2016-11-18.html]
[ozmega-millions.com/numbers/2013-07-19.html]
[ozmega-millions.com/numbers/2013-07-23.html]
[ozmega-millions.com/numbers/2016-02-16.html]
[ozmega-millions.com/numbers/2016-02-19.html]
[ozmega-millions.com/numbers/2016-11-25.html]
[ozmega-millions.com/numbers/2016-11-22.html]
[ozmega-millions.com/numbers/2013-07-16.html]
[ozmega-millions.com/numbers/2013-07-19.html]
[ozmega-millions.com/numbers/2016-02-12.html]
[ozmega-millions.com/numbers/2016-02-16.html]
[ozmega-millions.com/numbers/2016-11-29.html]
[ozmega-millions.com/numbers/2016-11-25.html]
[ozmega-millions.com/numbers/2013-07-12.html]
[ozmega-millions.com/numbers/2013-07-16.html]
[ozmega-millions.com/numbers/2016-02-09.html]
[ozmega-millions.com/numbers/2016-02-12.html]
[ozmega-millions.com/numbers/2016-12-02.html]
[ozmega-millions.com/numbers/2016-11-29.html]
[ozmega-millions.com/numbers/2013-07-09.html]
[ozmega-millions.com/numbers/2013-07-12.html]
[ozmega-millions.com/numbers/2016-02-05.html]
[ozmega-millions.com/numbers/2016-02-09.html]
[ozmega-millions.com/numbers/2016-12-06.html]
[ozmega-millions.com/numbers/2016-12-02.html]
[ozmega-millions.com/numbers/2013-07-05.html]
[ozmega-millions.com/numbers/2013-07-09.html]
[ozmega-millions.com/numbers/2016-02-02.html]
[ozmega-millions.com/numbers/2016-02-05.html]
[ozmega-millions.com/numbers/2016-12-09.html]
[ozmega-millions.com/numbers/2016-12-06.html]
[ozmega-millions.com/numbers/2013-07-02.html]
[ozmega-millions.com/numbers/2013-07-05.html]
[ozmega-millions.com/numbers/2016-01-29.html]
[ozmega-millions.com/numbers/2016-02-02.html]
[ozmega-millions.com/numbers/2016-12-13.html]
[ozmega-millions.com/numbers/2016-12-09.html]
[ozmega-millions.com/numbers/2013-06-28.html]
[ozmega-millions.com/numbers/2013-07-02.html]
[ozmega-millions.com/numbers/2016-01-26.html]
[ozmega-millions.com/numbers/2016-01-29.html]
[ozmega-millions.com/numbers/2016-12-16.html]
[ozmega-millions.com/numbers/2016-12-13.html]
[ozmega-millions.com/numbers/2013-06-25.html]
[ozmega-millions.com/numbers/2013-06-28.html]
[ozmega-millions.com/numbers/2016-01-22.html]
[ozmega-millions.com/numbers/2016-01-26.html]
[ozmega-millions.com/numbers/2016-12-20.html]
[ozmega-millions.com/numbers/2016-12-16.html]
[ozmega-millions.com/numbers/2013-06-21.html]
[ozmega-millions.com/numbers/2013-06-25.html]
[ozmega-millions.com/numbers/2016-01-19.html]
[ozmega-millions.com/numbers/2016-01-22.html]
[ozmega-millions.com/numbers/2016-12-23.html]
[ozmega-millions.com/numbers/2016-12-20.html]
[ozmega-millions.com/numbers/2013-06-18.html]
[ozmega-millions.com/numbers/2013-06-21.html]
[ozmega-millions.com/numbers/2016-01-15.html]
[ozmega-millions.com/numbers/2016-01-19.html]
[ozmega-millions.com/numbers/2016-12-27.html]
[ozmega-millions.com/numbers/2016-12-23.html]
[ozmega-millions.com/numbers/2013-06-14.html]
[ozmega-millions.com/numbers/2013-06-18.html]
[ozmega-millions.com/numbers/2016-01-12.html]
[ozmega-millions.com/numbers/2016-01-15.html]
[ozmega-millions.com/numbers/2016-12-30.html]
[ozmega-millions.com/numbers/2016-12-27.html]
[ozmega-millions.com/numbers/2013-06-11.html]
[ozmega-millions.com/numbers/2013-06-14.html]
[ozmega-millions.com/numbers/2016-01-08.html]
[ozmega-millions.com/numbers/2016-01-12.html]
[ozmega-millions.com/numbers/2017-01-03.html]
[ozmega-millions.com/numbers/2016-12-30.html]
[ozmega-millions.com/numbers/2013-06-07.html]
[ozmega-millions.com/numbers/2013-06-11.html]
[ozmega-millions.com/numbers/2016-01-05.html]
[ozmega-millions.com/numbers/2016-01-08.html]
[ozmega-millions.com/numbers/2017-01-06.html]
[ozmega-millions.com/numbers/2017-01-03.html]
[ozmega-millions.com/numbers/2013-06-04.html]
[ozmega-millions.com/numbers/2013-06-07.html]
[ozmega-millions.com/numbers/2016-01-01.html]
[ozmega-millions.com/numbers/2016-01-05.html]
[ozmega-millions.com/numbers/2017-01-10.html]
[ozmega-millions.com/numbers/2017-01-06.html]
[ozmega-millions.com/numbers/2013-05-31.html]
[ozmega-millions.com/numbers/2013-06-04.html]
[ozmega-millions.com/numbers/2015-12-29.html]
[ozmega-millions.com/numbers/2016-01-01.html]
[ozmega-millions.com/numbers/2017-01-13.html]
[ozmega-millions.com/numbers/2017-01-10.html]
[ozmega-millions.com/numbers/2013-05-28.html]
[ozmega-millions.com/numbers/2013-05-31.html]
[ozmega-millions.com/numbers/2015-12-25.html]
[ozmega-millions.com/numbers/2015-12-29.html]
[ozmega-millions.com/numbers/2017-01-17.html]
[ozmega-millions.com/numbers/2017-01-13.html]
[ozmega-millions.com/numbers/2013-05-24.html]
[ozmega-millions.com/numbers/2013-05-28.html]
[ozmega-millions.com/numbers/2015-12-22.html]
[ozmega-millions.com/numbers/2015-12-25.html]
[ozmega-millions.com/numbers/2017-01-20.html]
[ozmega-millions.com/numbers/2017-01-17.html]
[ozmega-millions.com/numbers/2013-05-24.html]
[ozmega-millions.com/numbers/2015-12-22.html]
[ozmega-millions.com/numbers/2017-01-24.html]
[ozmega-millions.com/numbers/2017-01-20.html]
[ozmega-millions.com/numbers/2017-01-24.html]
[ozmega-millions.com/numbers/2013-05-21.html]
[ozmega-millions.com/numbers/2015-12-18.html]
[ozmega-millions.com/numbers/2017-01-28.html]
[ozmega-millions.com/numbers/2017-01-27.html]
[ozmega-millions.com/numbers/2017-01-31.html]
[ozmega-millions.com/numbers/2017-01-28.html]
[ozmega-millions.com/numbers/2017-02-03.html]
[ozmega-millions.com/numbers/2017-01-31.html]
[ozmega-millions.com/numbers/2017-02-07.html]
[ozmega-millions.com/numbers/2017-02-03.html]
[ozmega-millions.com/numbers/2017-02-10.html]
[ozmega-millions.com/numbers/2017-02-07.html]
[ozmega-millions.com/numbers/2017-02-14.html]
[ozmega-millions.com/numbers/2017-02-10.html]
[ozmega-millions.com/numbers/2017-02-17.html]
[ozmega-millions.com/numbers/2017-02-14.html]
[ozmega-millions.com/numbers/2017-02-21.html]
[ozmega-millions.com/numbers/2017-02-17.html]
[ozmega-millions.com/numbers/2017-02-24.html]
[ozmega-millions.com/numbers/2017-02-21.html]
[ozmega-millions.com/numbers/2017-02-28.html]
[ozmega-millions.com/numbers/2017-02-24.html]
[ozmega-millions.com/numbers/2017-03-03.html]
[ozmega-millions.com/numbers/2017-02-28.html]
[ozmega-millions.com/numbers/2017-03-07.html]
[ozmega-millions.com/numbers/2017-03-03.html]
[ozmega-millions.com/numbers/2017-03-10.html]
[ozmega-millions.com/numbers/2017-03-07.html]
[ozmega-millions.com/numbers/2017-03-14.html]
[ozmega-millions.com/numbers/2017-03-10.html]
[ozmega-millions.com/numbers/2017-03-17.html]
[ozmega-millions.com/numbers/2017-03-14.html]
[ozmega-millions.com/numbers/2017-03-21.html]
[ozmega-millions.com/numbers/2017-03-17.html]
[ozmega-millions.com/numbers/2017-03-24.html]
[ozmega-millions.com/numbers/2017-03-21.html]
[ozmega-millions.com/numbers/2017-03-28.html]
[ozmega-millions.com/numbers/2017-03-24.html]
[ozmega-millions.com/numbers/2017-03-31.html]
[ozmega-millions.com/numbers/2017-03-28.html]
[ozmega-millions.com/numbers/2017-04-04.html]
[ozmega-millions.com/numbers/2017-03-31.html]
[ozmega-millions.com/numbers/2017-04-07.html]
[ozmega-millions.com/numbers/2017-04-04.html]
[ozmega-millions.com/numbers/2017-04-07.html]
[ozmega-millions.com/numbers/2017-04-11.html]
